~/docs/Overview /;
~/docs/ /;

~/apidocs/Authentication /apidocs/authentication;
/apidocs/Build+API /apidocs/build-api;
/apidocs/Deploy+API /apidocs/deploy-api;
/apidocs/Example+implementation /apidocs/example-implementation;
/apidocs/Feedback+API /apidocs/feedback-api;
/apidocs/API+documentation /apidocs/;
/apidocs/Invite+API /apidocs/invite-api;
/apidocs/Moving+From+6+to+7 /apidocs/moving-from-6-to-7;
/apidocs/Permissions+API /apidocs/permissions-api;
/apidocs/Profile+API /apidocs/profile-api;
/apidocs/Projects+API /apidocs/projects-api;
/apidocs/Runtime+API+changes /apidocs/runtime-api-changes;
/apidocs/Single+Sign-On+API /apidocs/single-sign_on-api;
/apidocs/Stories+API /apidocs/stories-api;
/apidocs/Team+Server+API /apidocs/team-server-api;
/apidocs/User+Management+API /apidocs/user-management-api;

/APM/After+Startup+Error /APM/after-startup-error;
~/APM/Console /APM/console;
~/APM/Constants /APM/constants;
~/APM/Generic /APM/generic;
/APM/In+a+load+test /APM/in-a-load-test;
/APM/In+development /APM/in-development;
/APM/In+production /APM/in-production;
/APM/In+test+and+acceptance /APM/in-test-and-acceptance;
/APM/Application+Performance+Monitor /APM/;
/APM/Inserting+context+information /APM/inserting-context-information;
~/APM/Installation /APM/installation;
/APM/Installation+steps /APM/installation-steps;
~/APM/Introduction /APM/introduction;
/APM/Java+security+settings /APM/java-security-settings;
/APM/JVM+Browser /APM/jvm-browser;
/APM/Load+Test+Recorder /APM/load-test-recorder;
/APM/Log+Tool /APM/log-tool;
/APM/Measurements+Tool /APM/measurements-tool;
/APM/Performance+Tool /APM/performance-tool;
/APM/Performance+Tool+Control /APM/performance-tool-control;
/APM/Performance+Tool+Filter /APM/performance-tool-filter;
/APM/Performance+Tool+Options /APM/performance-tool-options;
/APM/Performance+Tool+Results /APM/performance-tool-results;
/APM/Pre+requisites /APM/pre-requisites;
/APM/Query+Tool /APM/query-tool;
/APM/Release+Notes /APM/release-notes;
/APM/Release+Notes+1.6.0 /APM/release-notes-1.6.0;
/APM/Release+Notes+1.7.0 /APM/release-notes-1.7.0;
/APM/Release+Notes+1.8.0 /APM/release-notes-1.8.0;
/APM/Show+Recorded+Dialog /APM/show-recorded-dialog;
/APM/Sizing+impact /APM/sizing-impact;
/APM/Statistics+Tool /APM/statistics-tool;
/APM/Trap+Tool /APM/trap-tool;
/APM/Uninstall+steps /APM/uninstall-steps;
/APM/Upgrade+steps /APM/upgrade-steps;
/APM/Use+Cases /APM/use-cases;
/APM/User+Manual /APM/user-manual;

/appstore/Adding+App+Store+content+to+your+app /appstore/adding-app-store-content-to-your-app;
/appstore/App+Store+Approval+Guidelines /appstore/app-store-approval-guidelines;
/appstore/App+Store+Content+Support /appstore/app-store-content-support;
/appstore/App+Store /appstore/;
/appstore/App+Store+Home /appstore/;
/appstore/Install+an+App+from+the+App+Store /appstore/install-an-app-from-the-app-store;

~/ATS/Administration /ATS/administration;
/ATS/ATS+Core+Actions/Assert+Equals /ATS/ats-core-actions/assert-equals;
/ATS/ATS+Core+Actions/Assert+Not+Equals /ATS/ats-core-actions/assert-not-equals;
/ATS/ATS+Core+Actions/Concatenate+String /ATS/ats-core-actions/concatenate-string;
/ATS/ATS+Core+Actions/Get+Current+DateTime+String /ATS/ats-core-actions/get-current-datetime-string;
/ATS/ATS+Core+Actions/Random+Number /ATS/ats-core-actions/random-number;
/ATS/ATS+Core+Actions/Random+String /ATS/ats-core-actions/random-string;
/ATS/ATS+Core+Actions/Set+Return+Value /ATS/ats-core-actions/set-return-value;
/ATS/Best+Practices /ATS/best-practices;
~/ATS/Configuration /ATS/configuration;
/ATS/Custom+Action+Creation+Tutorial /ATS/custom-action-creation-tutorial;
/ATS/Custom+Actions /ATS/custom-actions;
/ATS/Data+Driven+Tests /ATS/data-driven-tests;
/ATS/Data+Management /ATS/data-management;
~/ATS/General /ATS/general;
/ATS/Application+Test+Suite+Home /ATS/;
/ATS/Reference+Guide /ATS/;
~/ATS/Introduction /ATS/introduction;
/ATS/Manual+Test+Steps /ATS/manual-test-steps;
/ATS/Mendix+Actions/DataGrid+TemplateGrid+ListView/Click+DataGrid+Row /ATS/mendix-actions/datagrid-templategrid-listview/click-datagrid-row;
/ATS/Mendix+Actions/DataGrid+TemplateGrid+ListView/Find+ItemRow /ATS/mendix-actions/datagrid-templategrid-listview/find-itemrow;
/ATS/Mendix+Actions/DataGrid+TemplateGrid+ListView/Find+ItemRow+by+child /ATS/mendix-actions/datagrid-templategrid-listview/find-itemrow-by-child;
/ATS/Mendix+Actions/DataGrid+TemplateGrid+ListView/Find+Selected+ItemRow /ATS/mendix-actions/datagrid-templategrid-listview/find-selected-itemrow;
/ATS/Mendix+Actions/DataGrid+TemplateGrid+ListView/FindAssert+DataGrid+Row /ATS/mendix-actions/datagrid-templategrid-listview/findassert-datagrid-row;
/ATS/Mendix+Actions/DataGrid+TemplateGrid+ListView/Get+ItemRow+Index /ATS/mendix-actions/datagrid-templategrid-listview/get-itemrow-index;
/ATS/Mendix+Actions/DataGrid+TemplateGrid+ListView/Get+Row+Cell+Value /ATS/mendix-actions/datagrid-templategrid-listview/get-row-cell-value;
/ATS/Mendix+Actions/DataGrid+TemplateGrid+ListView/Get+Total+ItemRow+Count /ATS/mendix-actions/datagrid-templategrid-listview/get-total-itemrow-count;
/ATS/Mendix+Actions/DataGrid+TemplateGrid+ListView/Get+Visible+ItemRow+Count /ATS/mendix-actions/datagrid-templategrid-listview/get-visible-itemrow-count;
/ATS/Mendix+Actions/DataGrid+TemplateGrid+ListView/Set+ListView+Search /ATS/mendix-actions/datagrid-templategrid-listview/set-listview-search;
/ATS/Mendix+Actions/DataGrid+TemplateGrid+ListView/Set+Row+Cell+Value /ATS/mendix-actions/datagrid-templategrid-listview/set-row-cell-value;
/ATS/Mendix+Actions/DataGrid+TemplateGrid+ListView/Sort+DataGrid /ATS/mendix-actions/datagrid-templategrid-listview/sort-datagrid;
/ATS/Mendix+Actions/Dialog/Cancel+Dialog /ATS/mendix-actions/dialog/cancel-dialog;
/ATS/Mendix+Actions/Dialog/Close+Dialog /ATS/mendix-actions/dialog/close-dialog;
/ATS/Mendix+Actions/Dialog/Confirm+Dialog /ATS/mendix-actions/dialog/confirm-dialog;
/ATS/Mendix+Actions/Dialog/FindAssert+Dialog /ATS/mendix-actions/dialog/findassert-dialog;
/ATS/Mendix+Actions/Dialog/Get+Dialog+Message+Text /ATS/mendix-actions/dialog/get-dialog-message-text;
/ATS/Mendix+Actions/FileManager/Set+File+Manager /ATS/mendix-actions/filemanager/set-file-manager;
/ATS/Mendix+Actions/Generic/Assert+Current+Page /ATS/mendix-actions/generic/assert-current-page;
/ATS/Mendix+Actions/Generic/Assert+Validation+Message /ATS/mendix-actions/generic/assert-validation-message;
/ATS/Mendix+Actions/Generic/Click+Widget /ATS/mendix-actions/generic/click-widget;
/ATS/Mendix+Actions/Generic/Click+Widget+Button /ATS/mendix-actions/generic/click-widget-button;
/ATS/Mendix+Actions/Generic/ClickDoubleclick /ATS/mendix-actions/generic/clickdoubleclick;
/ATS/Mendix+Actions/Generic/FindAssert+Widget /ATS/mendix-actions/generic/findassert-widget;
/ATS/Mendix+Actions/Generic/Get+Validation+Message /ATS/mendix-actions/generic/get-validation-message;
/ATS/Mendix+Actions/Generic/Login /ATS/mendix-actions/generic/login;
/ATS/Mendix+Actions/Generic/Logout /ATS/mendix-actions/generic/logout;
/ATS/Mendix+Actions/Generic/Open+Application /ATS/mendix-actions/generic/open-application;
/ATS/Mendix+Actions/GroupBox/Close+GroupBox /ATS/mendix-actions/groupbox/close-groupbox;
/ATS/Mendix+Actions/GroupBox/GroupBox+is+Collapsed /ATS/mendix-actions/groupbox/groupbox-is-collapsed;
/ATS/Mendix+Actions/GroupBox/Open+GroupBox /ATS/mendix-actions/groupbox/open-groupbox;
/ATS/Mendix+Actions/Input/Assert+Checkbox+Value /ATS/mendix-actions/input/assert-checkbox-value;
/ATS/Mendix+Actions/Input/Assert+Value /ATS/mendix-actions/input/assert-value;
/ATS/Mendix+Actions/Input/Dropdown+has+Option /ATS/mendix-actions/input/dropdown-has-option;
/ATS/Mendix+Actions/Input/Get+Checkbox+Value /ATS/mendix-actions/input/get-checkbox-value;
/ATS/Mendix+Actions/Input/Get+Index /ATS/mendix-actions/input/get-index;
/ATS/Mendix+Actions/Input/Get+Value /ATS/mendix-actions/input/get-value;
/ATS/Mendix+Actions/Input/Set+Checkbox+Value /ATS/mendix-actions/input/set-checkbox-value;
/ATS/Mendix+Actions/Input/Set+Value /ATS/mendix-actions/input/set-value;
/ATS/Mendix+Actions/Input/Set+Value+by+index /ATS/mendix-actions/input/set-value-by-index;
/ATS/Mendix+Actions/Input/Toggle+Checkbox+Value /ATS/mendix-actions/input/toggle-checkbox-value;
/ATS/Mendix+Actions/Navigation+Menu/Click+Menu+Item /ATS/mendix-actions/navigation-menu/click-menu-item;
/ATS/Mendix+Actions/Navigation+Menu/FindAssert+Menu+Item /ATS/mendix-actions/navigation-menu/findassert-menu-item;
/ATS/Mendix+Actions/System/Find+Widget+Child+Node /ATS/mendix-actions/system/find-widget-child-node;
/ATS/Mendix+Actions/System/Focus+WebElement /ATS/mendix-actions/system/focus-webelement;
/ATS/Mendix+Actions/System/Get+Current+Page+Title /ATS/mendix-actions/system/get-current-page-title;
/ATS/Mendix+Actions/System/Mendix+Wait /ATS/mendix-actions/system/mendix-wait;
/ATS/Mendix+Actions/Tab/Assert+Active+Tab+Caption /ATS/mendix-actions/tab/assert-active-tab-caption;
/ATS/Mendix+Actions/Tab/Get+Active+Tab+Caption /ATS/mendix-actions/tab/get-active-tab-caption;
/ATS/Mendix+Appstore+Widgets+Actions/BooleanSlider/Assert+BooleanSlider+Value /ATS/mendix-appstore-widgets-actions/booleanslider/assert-booleanslider-value;
/ATS/Mendix+Appstore+Widgets+Actions/BooleanSlider/Get+BooleanSlider+Value /ATS/mendix-appstore-widgets-actions/booleanslider/get-booleanslider-value;
/ATS/Mendix+Appstore+Widgets+Actions/BooleanSlider/Set+BooleanSlider+Value /ATS/mendix-appstore-widgets-actions/booleanslider/set-booleanslider-value;
/ATS/Mendix+Appstore+Widgets+Actions/BooleanSlider/Toggle+BooleanSlider+Value /ATS/mendix-appstore-widgets-actions/booleanslider/toggle-booleanslider-value;
/ATS/Mendix+Appstore+Widgets+Actions/BootstrapRTE/Assert+BootstrapRTE+Value /ATS/mendix-appstore-widgets-actions/bootstraprte/assert-bootstraprte-value;
/ATS/Mendix+Appstore+Widgets+Actions/BootstrapRTE/Get+BootstrapRTE+Value /ATS/mendix-appstore-widgets-actions/bootstraprte/get-bootstraprte-value;
/ATS/Mendix+Appstore+Widgets+Actions/BootstrapRTE/Set+BootstrapRTE+Value /ATS/mendix-appstore-widgets-actions/bootstraprte/set-bootstraprte-value;
/ATS/Mendix+Appstore+Widgets+Actions/Checkbox+Set+Selector/Assert+Checkbox+Set+Selector+Value /ATS/mendix-appstore-widgets-actions/checkbox-set-selector/assert-checkbox-set-selector-value;
/ATS/Mendix+Appstore+Widgets+Actions/Checkbox+Set+Selector/Find+Checkbox+Set+Selector /ATS/mendix-appstore-widgets-actions/checkbox-set-selector/find-checkbox-set-selector;
/ATS/Mendix+Appstore+Widgets+Actions/Checkbox+Set+Selector/Find+Checkbox+Set+Selector+all /ATS/mendix-appstore-widgets-actions/checkbox-set-selector/find-checkbox-set-selector-all;
/ATS/Mendix+Appstore+Widgets+Actions/Checkbox+Set+Selector/Get+Checkbox+Set+Selector+Value /ATS/mendix-appstore-widgets-actions/checkbox-set-selector/get-checkbox-set-selector-value;
/ATS/Mendix+Appstore+Widgets+Actions/Checkbox+Set+Selector/Get+Checkbox+Set+Selector+Value+all /ATS/mendix-appstore-widgets-actions/checkbox-set-selector/get-checkbox-set-selector-value-all;
/ATS/Mendix+Appstore+Widgets+Actions/Checkbox+Set+Selector/Set+Checkbox+Set+Selector+Value /ATS/mendix-appstore-widgets-actions/checkbox-set-selector/set-checkbox-set-selector-value;
/ATS/Mendix+Appstore+Widgets+Actions/Checkbox+Set+Selector/Set+Checkbox+Set+Selector+Value+all /ATS/mendix-appstore-widgets-actions/checkbox-set-selector/set-checkbox-set-selector-value-all;
/ATS/Mendix+Appstore+Widgets+Actions/Checkbox+Set+Selector/Toggle+Checkbox+Set+Selector+Value /ATS/mendix-appstore-widgets-actions/checkbox-set-selector/toggle-checkbox-set-selector-value;
/ATS/Mendix+Appstore+Widgets+Actions/Checkbox+Set+Selector/Toggle+Checkbox+Set+Selector+Value+all /ATS/mendix-appstore-widgets-actions/checkbox-set-selector/toggle-checkbox-set-selector-value-all;
/ATS/Mendix+Appstore+Widgets+Actions/CKEditor/Assert+CKEditor+Value /ATS/mendix-appstore-widgets-actions/ckeditor/assert-ckeditor-value;
/ATS/Mendix+Appstore+Widgets+Actions/CKEditor/Get+CKEditor+Value /ATS/mendix-appstore-widgets-actions/ckeditor/get-ckeditor-value;
/ATS/Mendix+Appstore+Widgets+Actions/CKEditor/Set+CKEditor+Value /ATS/mendix-appstore-widgets-actions/ckeditor/set-ckeditor-value;
/ATS/Mendix+Appstore+Widgets+Actions/Dropdown+Div+Converter/Click+Dropdown+div+converter+dropdown+button /ATS/mendix-appstore-widgets-actions/dropdown-div-Converter/click-dropdown-div-converter-dropdown-button;
/ATS/Mendix+Appstore+Widgets+Actions/Dropdown+Div+Converter/Click+Dropdown+div+converter+split+button /ATS/mendix-appstore-widgets-actions/dropdown-div-Converter/click-dropdown-div-converter-split-button;
/ATS/Mendix+Appstore+Widgets+Actions/Grid+Selector/Assert+Grid+Selector+Value /ATS/mendix-appstore-widgets-actions/grid-selector/assert-grid-selector-value;
/ATS/Mendix+Appstore+Widgets+Actions/Grid+Selector/Find+Grid+Selector+Box /ATS/mendix-appstore-widgets-actions/grid-selector/find-grid-selector-box;
/ATS/Mendix+Appstore+Widgets+Actions/Grid+Selector/Get+Grid+Selector+Box+Value /ATS/mendix-appstore-widgets-actions/grid-selector/get-grid-selector-box-value;
/ATS/Mendix+Appstore+Widgets+Actions/Grid+Selector/Set+Grid+Selector+Checkbox+Value /ATS/mendix-appstore-widgets-actions/grid-selector/set-grid-selector-checkbox-value;
/ATS/Mendix+Appstore+Widgets+Actions/Grid+Selector/Set+Grid+Selector+Radiobutton+checked /ATS/mendix-appstore-widgets-actions/grid-selector/set-grid-selector-radiobutton-checked;
/ATS/Mendix+Appstore+Widgets+Actions/Grid+Selector/Toggle+Grid+Selector+Checkbox+Value /ATS/mendix-appstore-widgets-actions/grid-selector/toggle-grid-selector-checkbox-value;
/ATS/Mendix+Appstore+Widgets+Actions/InputReferenceSelector/Assert+InputReferenceSelector+Value /ATS/mendix-appstore-widgets-actions/inputreferenceselector/assert-inputreferenceselector-value;
/ATS/Mendix+Appstore+Widgets+Actions/InputReferenceSelector/Get+InputReferenceSelector+Value /ATS/mendix-appstore-widgets-actions/inputreferenceselector/get-inputreferenceselector-value;
/ATS/Mendix+Appstore+Widgets+Actions/InputReferenceSelector/Set+InputReferenceSelector+Value /ATS/mendix-appstore-widgets-actions/inputreferenceselector/set-inputreferenceselector-value;
/ATS/Mendix+Appstore+Widgets+Actions/Simple+Checkbox+Set+Selector/Assert+Simple+Checkbox+Set+Selector+Value /ATS/mendix-appstore-widgets-actions/simple-checkbox-set-selector/assert-simple-checkbox-set-selector-value;
/ATS/Mendix+Appstore+Widgets+Actions/Simple+Checkbox+Set+Selector/Find+Simple+Checkbox+Set+Selector /ATS/mendix-appstore-widgets-actions/simple-checkbox-set-selector/find-simple-checkbox-set-selector;
/ATS/Mendix+Appstore+Widgets+Actions/Simple+Checkbox+Set+Selector/Get+Simple+Checkbox+Set+Selector+Value /ATS/mendix-appstore-widgets-actions/simple-checkbox-set-selector/get-simple-checkbox-set-selector-value;
/ATS/Mendix+Appstore+Widgets+Actions/Simple+Checkbox+Set+Selector/Set+Simple+Checkbox+Set+Selector+Value /ATS/mendix-appstore-widgets-actions/simple-checkbox-set-selector/set-simple-checkbox-set-selector-value;
/ATS/Mendix+Appstore+Widgets+Actions/Simple+Checkbox+Set+Selector/Toggle+Simple+Checkbox+Set+Selector+Value /ATS/mendix-appstore-widgets-actions/simple-checkbox-set-selector/toggle-simple-checkbox-set-selector-value;
~/ATS/Monitoring /ATS/monitoring;
/ATS/Object+Types+in+the+ATS /ATS/object-types-in-the-ats;
~/ATS/Projects /ATS/projects;
~/ATS/Recorder /ATS/recorder;
/ATS/Release+Notes/ /ATS/release-notes/;
/ATS/Release+Notes/Release+Notes+1+8+0 /ATS/release-notes/release-notes-1-8-0;
/ATS/Release+Notes/Release+Notes+1+8+1 /ATS/release-notes/release-notes-1-8-1;
~/ATS/Scheduling /ATS/scheduling;
~/ATS/Selectors /ATS/selectors;
/ATS/Selenium+Actions/Execute+JavaScript+Integer /ATS/selenium-actions/execute-javascript-integer;
/ATS/Selenium+Actions/Execute+JavaScript+String /ATS/selenium-actions/execute-javascript-string;
/ATS/Selenium+Actions/Execute+JavaScript+WebElement /ATS/selenium-actions/execute-javascript-webelement;
/ATS/Selenium+Actions/Find/Find+Element+by+CSS /ATS/selenium-actions/Find/find-element-by-css;
/ATS/Selenium+Actions/Find/Find+Element+by+ID /ATS/selenium-actions/Find/find-element-by-id;
/ATS/Selenium+Actions/Find/Find+Element+by+Sizzle /ATS/selenium-actions/Find/find-element-by-sizzle;
/ATS/Selenium+Actions/Get/Get+Property+Value /ATS/selenium-actions/Get/get-property-value;
/ATS/Selenium+Actions/Get/Get+Selected+Option+Index /ATS/selenium-actions/Get/get-selected-option-index;
/ATS/Selenium+Actions/Get/Get+Selected+Option+Text /ATS/selenium-actions/Get/get-selected-option-text;
/ATS/Selenium+Actions/Get/Get+Selected+Option+Value /ATS/selenium-actions/Get/get-selected-option-value;
/ATS/Selenium+Actions/Get/Get+Text /ATS/selenium-actions/Get/get-text;
/ATS/Selenium+Actions/Send+Keys /ATS/selenium-actions/send-keys;
/ATS/Standard+Action+Overview /ATS/standard-action-overview;
/ATS/Standard+Actions+Reference /ATS/standard-actions-reference;
/ATS/Test+Case+Documentation /ATS/test-case-documentation;
/ATS/Test+Development /ATS/test-development;

/bestpractices/Best+Practices+for+Component+Based+Development /bestpractices/best-practices-for-component-based-development;
/bestpractices/How+to+execute+an+SQL+statement+on+an+external+database /bestpractices/how-to-execute-an-sql-statement-on-an-external-database;
/bestpractices/Best+Practices /bestpractices/;
/bestpractices/Inheritance+vs.+1+1+association /bestpractices/inheritance-vs.-1-1-association;
/bestpractices/Naming+conventions /bestpractices/naming-conventions;
/bestpractices/Naming+conventions+in+Mendix+5 /bestpractices/naming-conventions;
/bestpractices/SIG+-+Mendix+performance+subjects+explanation /bestpractices/sig-mendix-performance-subjects-explanation;

/community/Community+Documentation /community/community-documentation;
/community/Community+Projects /community/community-projects;
/community/Content+Writing+and+Formatting+Guidelines /community/content-writing-and-formatting-guidelines;
/community/Contribute+to+the+Mendix+Documentation /community/contribute-to-the-mendix-documentation;
/community/Feature+requests /community/feature-requests;
/community/How+to+set+up+your+partner+profile /community/how-to-set-up-your-partner-profile;
/community/How+to+set+up+your+profile /community/how-to-set-up-your-profile;
~/community/Community /community/;
/community/The+How+to+Template+Page /community/the-how-to-template-page;
/community/The+Mendix+Job+Dashboard /community/the-mendix-job-dashboard;
/community/The+Mendix+MVP+program /community/the-mendix-mvp-program;
/community/The+Reference+Guide+Page+Template+Page /community/the-reference-guide-page-template-page;

/howto50/Mendix+5+How-to's /howto50/;
/howto50/How+to+50" /howto50/;
/howto50/TreeNavigation" /howto50/;
/howto50/Access+a+Samba+share+from+the+MxCloud /howto50/access-a-samba-share-from-the-mxcloud;
/howto50/Adding+App+Store+content+to+your+app /howto50/adding-app-store-content-to-your-app;
/howto50/Anonymous+User+Security /howto50/anonymous-user-security;
/howto50/Architecture+Options /howto50/architecture-options;
"/howto50/build+a+simple+hrm+app+1:+create,+manage+and+deploy+the+app" /howto50/build-a-simple-hrm-app-1-create-manage-and-deploy-the-app;
/howto50/Build+a+simple+HRM+app+1+Create+manage+and+deploy+the+app /howto50/build-a-simple-hrm-app-1-create-manage-and-deploy-the-app;
"/howto50/build+a+simple+hrm+app+2:+first+steps+in+building+a+rich+gui" /howto50/build-a-simple-hrm-app-2-first-steps-in-building-a-rich-gui;
/howto50/Build+a+simple+HRM+app+2+First+steps+in+building+a+rich+GUI /howto50/build-a-simple-hrm-app-2-first-steps-in-building-a-rich-gui;
/howto50/Build+a+simple+HRM+app+3+Show+related+data+in+the+GUI /howto50/build-a-simple-hrm-app-3-show-related-data-in-the-gui;
/howto50/Build+a+simple+HRM+app+4+Enrich+the+GUI+with+Filter+Options /howto50/build-a-simple-hrm-app-4-enrich-the-gui-with-filter-options;
/howto50/Build+a+simple+HRM+app+5+Smarten+up+your+app+with+business+logic /howto50/build-a-simple-hrm-app-5-smarten-up-your-app-with-business-logic;
/howto50/Clearing+Warning+Messages+in+Mendix /howto50/clearing-warning-messages-in-mendix;
/howto50/Cloud+Foundry /howto50/cloud-foundry;
/howto50/Collaboration+and+Project+Management /howto50/collaboration-and-project-management;
/howto50/Common+Mendix+SSO+Errors /howto50/common-mendix-sso-errors;
/howto50/Consuming+a+complex+web+service /howto50/consuming-a-complex-web-service;
/howto50/Consuming+a+REST+Service /howto50/consuming-a-rest-service;
/howto50/Consuming+a+simple+Web+Service /howto50/consuming-a-simple-web-service;
/howto50/Contributing+to+a+GitHub+repository /howto50/contributing-to-a-github-repository;
/howto50/Create+a+custom+theme+with+the+Mendix+UI+Framework /howto50/create-a-custom-theme-with-the-mendix-ui-framework;
/howto50/Create+and+Deploy+Your+First+App /howto50/create-and-deploy-your-first-app;
/howto50/Create+your+first+Microflow+Hello+World /howto50/create-your-first-microflow-hello-world;
/howto50/Creating+a+basic+data+layer /howto50/creating-a-basic-data-layer;
/howto50/Creating+a+Basic+Hello+World+Custom+Widget /howto50/creating-a-basic-hello-world-custom-widget;
/howto50/Creating+a+chainable+Custom+Widget /howto50/creating-a-chainable-custom-widget;
/howto50/Creating+a+Custom+Save+Button /howto50/creating-a-custom-save-button;
/howto50/Creating+a+secure+app /howto50/creating-a-secure-app;
/howto50/Creating+automated+tests+with+TestNG /howto50/creating-automated-tests-with-testng;
/howto50/Creating+your+first+two+Overview+and+Detail+pages /howto50/creating-your-first-two-overview-and-detail-pages;
/howto50/Custom+Widget+Development /howto50/custom-widget-development;
/howto50/Data+Models /howto50/data-models;
/howto50/Debug+a+Hybrid+Mobile+Application /howto50/debug-a-hybrid-mobile-application;
/howto50/Debugging+Java+Actions /howto50/debugging-java-actions;
/howto50/Debugging+Java+actions+remotely /howto50/debugging-java-actions-remotely;
/howto50/Debugging+Microflows /howto50/debugging-microflows;
/howto50/Debugging+Microflows+Remotely /howto50/debugging-microflows-remotely;
/howto50/Defining+access+rules+using+XPath /howto50/defining-access-rules-using-xpath;
/howto50/Denormalize+Data+to+Improve+Performance /howto50/denormalize-data-to-improve-performance;
/howto50/Deploy+your+first+Hybrid+Mobile+App /howto50/deploy-your-first-hybrid-mobile-app;
/howto50/Deploying+a+Mendix+App+to+Cloud+Foundry /howto50/deploying-a-mendix-app-to-cloud-foundry;
/howto50/Deploying+a+Mendix+App+to+HP+Helion /howto50/deploying-a-mendix-app-to-hp-helion;
/howto50/Deploying+a+Mendix+App+to+Pivotal /howto50/deploying-a-mendix-app-to-pivotal;
/howto50/Deploying+Mendix+on+Microsoft+Windows /howto50/deploying-mendix-on-microsoft-windows;
/howto50/Drag+Microflows+and+Pages+into+a+Microflow /howto50/drag-microflows-and-pages-into-a-microflow;
/howto50/Error+Handling /howto50/error-handling;
/howto50/Explore+our+connectors+and+adapters /howto50/explore-our-connectors-and-adapters;
/howto50/Exporting+XML+documents /howto50/exporting-xml-documents;
/howto50/Exposing+a+web+service /howto50/exposing-a-web-service;
/howto50/Exposing+data+to+BI+tools+using+OData /howto50/exposing-data-to-bi-tools-using-odata;
~/howto50/Extendability /howto50/extendability;
/howto50/Extending+Your+Application+with+Custom+Java /howto50/extending-your-application-with-custom-java;
/howto50/Extract+and+use+sub+microflows /howto50/extract-and-use-sub-microflows;
/howto50/Filtering+Data+on+an+Overview+Page /howto50/filtering-data-on-an-overview-page;
/howto50/Finding+Object+Activities /howto50/finding-object-activities;
/howto50/Finding+the+Root+Cause+of+Runtime+Errors /howto50/finding-the-root-cause-of-runtime-errors;
/howto50/Finding+Unused+Items /howto50/finding-unused-items;
/howto50/Finding+your+way+through+a+project /howto50/finding-your-way-through-a-project;
/howto50/Gathering+user+feedback /howto50/gathering-user-feedback;
/howto50/Generating+a+personal+SSH2+key+pair /howto50/generating-a-personal-ssh2-key-pair;
/howto50/Getting+Started /howto50/getting-started;
~/howto50/Kick-Start /howto50/getting-started;
/howto50/Getting+started+with+the+Widget+Development+Plugin+for+Adobe+Brackets /howto50/getting-started-with-the-widget-development-plugin-for-adobe-brackets;
~/howto50/GUI's /howto50/gui's;
/howto50/High+Availability /howto50/high-availability;
/howto50/How+to+build+a+simple+HRM+app /howto50/how-to-build-a-simple-hrm-app;
/howto50/Importing+and+Exporting+Objects /howto50/importing-and-exporting-objects;
/howto50/Importing+Excel+Documents /howto50/importing-excel-documents;
/howto50/Importing+XML+documents /howto50/importing-xml-documents;
/howto50/Installing+Mendix+on+Debian+GNU+Linux /howto50/installing-mendix-on-debian-gnu-linux;
/howto50/Installing+Mendix+on+RedHat+and+CentOS /howto50/installing-mendix-on-redhat-and-centos;
/howto50/Integrating+a+Legacy+System+into+a+Mendix+App /howto50/integrating-a-legacy-system-into-a-mendix-app;
~/howto50/Integration /howto50/integration;
/howto50/Java+API+Tutorial /howto50/java-api-tutorial;
/howto50/Layouts+and+Snippets /howto50/layouts-and-snippets;
/howto50/Log+Levels /howto50/log-levels;
/howto50/Logic+and+Business+Rules /howto50/logic-and-business-rules;
/howto50/Manage+scheduled+events /howto50/manage-scheduled-events;
/howto50/Managing+your+Application+Requirements+with+Mendix /howto50/managing-your-application-requirements-with-mendix;
/howto50/Mendix+Hosting+Enviroment+project+structure+and+commands /howto50/mendix-hosting-enviroment-project-structure-and-commands;
/howto50/Mendix+on+Windows+-+Microsoft+SQL+Server /howto50/mendix-on-windows-microsoft-sql-server;
/howto50/Mendix+SQL+Maintenance+Plans /howto50/mendix-sql-maintenance-plans;
~/howto50/Mobile /howto50/mobile;
/howto50/Monitoring+and+Troubleshooting /howto50/monitoring-and-troubleshooting;
/howto50/Monitoring+application+health /howto50/monitoring-application-health;
/howto50/Monitoring+Mendix+using+JMX /howto50/monitoring-mendix-using-jmx;
/howto50/On+premises+Deployment /howto50/on-premises-deployment;
/howto50/Optimizing+Microflow+Aggregates /howto50/optimizing-microflow-aggregates;
/howto50/Optimizing+Retrieve+Activities /howto50/optimizing-retrieve-activities;
/howto50/Publishing+a+Mendix+Hybrid+Mobile+App+in+Mobile+App+Stores /howto50/publishing-a-mendix-hybrid-mobile-app-in-mobile-app-stores;
/howto50/Querying+over+self+references /howto50/querying-over-self-references;
/howto50/Restoring+a+SQL+Server+database /howto50/restoring-a-sql-server-database;
/howto50/Scout+and+Windows+10+Workaround /howto50/scout-and-windows-10-workaround;
~/howto50/Security /howto50/security;
/howto50/Security+checklist+for+your+on+premises+installation /howto50/security-checklist-for-your-on-premises-installation;
/howto50/Selenium+Support /howto50/selenium-support;
"/howto50/send custom emails from your app" /howto50/send-custom-emails-from-your-app;
/howto50/Send+Custom+Emails+From+Your+App /howto50/send-custom-emails-from-your-app;
/howto50/Setting+up+a+new+SQL+Server+database /howto50/setting-up-a-new-sql-server-database;
/howto50/Setting+up+a+SQL+Server+user /howto50/setting-up-a-sql-server-user;
/howto50/Setting+up+data+validation /howto50/setting-up-data-validation;
/howto50/Setting+up+monitoring+with+New+Relic /howto50/setting-up-monitoring-with-new-relic;
/howto50/Setting+up+the+database+user /howto50/setting-up-the-database-user;
/howto50/Setting+Up+the+Navigation+Structure /howto50/setting-up-the-navigation-structure;
/howto50/Setup+Mendix+UI+Framework /howto50/setup-mendix-ui-framework;
/howto50/Setup+Mendix+UI+Framework+with+just+CSS /howto50/setup-mendix-ui-framework-with-just-css;
/howto50/Setup+Mendix+UI+Framework+with+Koala /howto50/setup-mendix-ui-framework-with-koala;
/howto50/Sharing+the+Development+Database /howto50/sharing-the-development-database;
/howto50/Showing+a+Project+in+the+Directory+in+Explorer /howto50/showing-a-project-in-the-directory-in-explorer;
/howto50/Solving+Load+and+Import+Errors /howto50/solving-load-and-import-errors;
/howto50/Starting+your+own+repository /howto50/starting-your-own-repository;
/howto50/String+Concatenation /howto50/string-concatenation;
/howto50/Synchronizing+user+accounts+using+the+LDAP+module /howto50/synchronizing-user-accounts-using-the-ldap-module;
~/howto50/Testing /howto50/testing;
/howto50/Testing+Mendix+applications+using+Selenium+IDE /howto50/testing-mendix-applications-using-selenium-ide;
/howto50/Testing+microflows+using+the+UnitTesting+module /howto50/testing-microflows-using-the-unittesting-module;
/howto50/Testing+web+services+using+SoapUI /howto50/testing-web-services-using-soapui;
/howto50/The+Mobile+Slider+Custom+Widget /howto50/the-mobile-slider-custom-widget;
/howto50/Tips+Tricks /howto50/tips-tricks;
/howto50/Translatable+Validation+Messages /howto50/translatable-validation-messages;
/howto50/Triggering+Logic+using+Microflows /howto50/triggering-logic-using-microflows;
~/howto50/Troubleshooting /howto50/troubleshooting;
/howto50/Troubleshooting+SQL+Server /howto50/troubleshooting-sql-server;
/howto50/Updating+a+Mendix+Application /howto50/updating-a-mendix-application;
/howto50/Using+Team+Server+-+Version+Control /howto50/using-team-server-version-control;
/howto50/Using+the+Excel+Exporter /howto50/using-the-excel-exporter;
/howto50/View+logging+-+Advanced /howto50/view-logging-advanced;
/howto50/Working+with+images+and+files /howto50/working-with-images-and-files;
/howto50/Working+With+Lists+in+a+Microflow /howto50/working-with-lists-in-a-microflow;
/howto50/Working+With+Object+Events /howto50/working-with-object-events;

/howto6/Mendix+6+How-to's /howto6/;
/howto6/Access+a+Samba+share+from+the+MxCloud /howto6/access-a-samba-share-from-the-mxcloud;
/howto6/Activate+a+Mendix+License+on+Microsoft+Windows /howto6/activate-a-mendix-license-on-microsoft-windows;
~/howto6/APIs /howto6/apis;
/howto6/Build+a+Simple+HRM+App /howto6/build-a-simple-hrm-app;
/howto6/Build+a+simple+HRM+app+1+Create+manage+and+deploy+the+app /howto6/build-a-simple-hrm-app-1-create-manage-and-deploy-the-app;
/howto6/Build+a+simple+HRM+app+2+First+steps+in+building+a+rich+GUI /howto6/build-a-simple-hrm-app-2-first-steps-in-building-a-rich-gui;
/howto6/Build+a+simple+HRM+app+3+Show+related+data+in+the+GUI /howto6/build-a-simple-hrm-app-3-show-related-data-in-the-gui;
/howto6/Build+a+simple+HRM+app+4+Enrich+the+GUI+with+Filter+Options /howto6/build-a-simple-hrm-app-4-enrich-the-gui-with-filter-options;
/howto6/Build+a+simple+HRM+app+5+Smarten+up+your+app+with+business+logic /howto6/build-a-simple-hrm-app-5-smarten-up-your-app-with-business-logic;
/howto6/Building+a+Mendix+Hybrid+Mobile+App+for+Windows+Phone /howto6/building-a-mendix-hybrid-mobile-app-for-windows-phone;
/howto6/Clear+Warning+Messages /howto6/clear-warning-messages;
/howto6/Consuming+a+complex+web+service /howto6/consume-a-complex-web-service;
/howto6/Consume+a+Complex+Web+Service /howto6/consume-a-complex-web-service;
/howto6/Consume+a+REST+Service /howto6/consume-a-rest-service;
/howto6/consuming+a+rest+service /howto6/consume-a-rest-service;
/howto6/Consuming+a+simple+Web+Service /howto6/consume-a-simple-web-service;
/howto6/Consume+a+Simple+Web+Service /howto6/consume-a-simple-web-service;
/howto6/Contribute+to+a+GitHub+Repository /howto6/contribute-to-a-github-repository;
/howto6/Create+a+Basic+Data+Layer /howto6/create-a-basic-data-layer;
/howto6/Create+a+Basic+Hello+World+Custom+Widget /howto6/create-a-basic-hello-world-custom-widget;
/howto6/Create+a+Chainable+Custom+Widget /howto6/create-a-chainable-custom-widget;
/howto6/Create+a+Custom+Save+Button /howto6/create-a-custom-save-button;
/howto6/Create+a+custom+theme+with+the+Mendix+UI+Framework /howto6/create-a-custom-theme-with-the-mendix-ui-framework;
/howto6/Create+a+Secure+App /howto6/create-a-secure-app;
/howto6/Creating+a+Secure+App /howto6/create-a-secure-app;
/howto6/Create+and+Deploy+Your+First+App /howto6/create-and-deploy-your-first-app;
/howto6/Create+Automated+Tests+with+TestNG /howto6/create-automated-tests-with-testng;
/howto6/Create+your+first+Microflow+Hello+World /howto6/create-your-first-microflow-hello-world;
/howto6/Create+Your+First+Two+Overview+and+Detail+Pages /howto6/create-your-first-two-overview-and-detail-pages;
/howto6/Debug+a+Hybrid+Mobile+Application /howto6/debug-a-hybrid-mobile-application;
/howto6/Debug+Java+Actions /howto6/debug-java-actions;
/howto6/Debug+Java+Actions+Remotely /howto6/debug-java-actions-remotely;
/howto6/Debug+Microflows /howto6/debug-microflows;
/howto6/Debug+Microflows+Remotely /howto6/debug-microflows-remotely;
/howto6/Define+Access+Rules+Using+XPath /howto6/define-access-rules-using-xpath;
/howto6/Denormalize+Data+to+Improve+Performance /howto6/denormalize-data-to-improve-performance;
/howto6/Deploy+a+Mendix+App+to+HP+Helion /howto6/deploy-a-mendix-app-to-hp-helion;
/howto6/Deploy+a+Mendix+App+to+IBM+Bluemix /howto6/deploy-a-mendix-app-to-ibm-bluemix;
/howto6/deploying+a+mendix+app+to+ibm+bluemix /howto6/deploy-a-mendix-app-to-ibm-bluemix;
/howto6/Deploy+a+Mendix+App+to+Pivotal /howto6/deploy-a-mendix-app-to-pivotal;
/howto6/Deploy+Mendix+on+Microsoft+Windows /howto6/deploy-mendix-on-microsoft-windows;
/howto6/Deploy+your+first+Hybrid+Mobile+App /howto6/deploy-your-first-hybrid-mobile-app;
/howto6/Deploying+a+Mendix+App+to+Cloud+Foundry /howto6/deploying-a-mendix-app-to-cloud-foundry;
/howto6/Design+the+Architecture /howto6/design-the-architecture;
/howto6/Architecture+Options /howto6/design-the-architecture;
/howto6/Detect+and+Resolve+Performance+Issues /howto6/detect-and-resolve-performance-issues;
/howto6/Drag+Microflows+and+Pages+into+a+Microflow /howto6/drag-microflows-and-pages-into-a-microflow;
/howto6/Explore+the+Connectors+and+Adapters /howto6/explore-the-connectors-and-adapters;
/howto6/Exporting+XML+Documents /howto6/export-xml-documents;
/howto6/Export+XML+Documents /howto6/export-xml-documents;
/howto6/Expose+a+web+service /howto6/expose-a-web-service;
/howto6/Exposing+a+web+service /howto6/expose-a-web-service;
/howto6/Exposing+data+to+BI+tools+using+OData /howto6/exposing-data-to-bi-tools-using-odata;
~/howto6/Extendability /howto6/extendability;
/howto6/Extending+Your+Application+with+Custom+Java /howto6/extending-your-application-with-custom-java;
/howto6/Extract+and+use+sub+microflows /howto6/extract-and-use-sub-microflows;
/howto6/Filtering+Data+on+an+Overview+Page /howto6/filtering-data-on-an-overview-page;
/howto6/Finding+the+Root+Cause+of+Runtime+Errors /howto6/finding-the-root-cause-of-runtime-errors;
/howto6/Gathering+user+feedback /howto6/gathering-user-feedback;
/howto6/Generating+a+personal+SSH2+key+pair /howto6/generating-a-personal-ssh2-key-pair;
/howto6/Getting+Started /howto6/getting-started;
/howto6/Getting+started+with+the+Widget+Development+Plugin+for+Adobe+Brackets /howto6/getting-started-with-the-widget-development-plugin-for-adobe-brackets;
~/howto6/GUI's /howto6/gui's;
/howto6/Handle+Common+Mendix+SSO+Errors /howto6/handle-common-mendix-sso-errors;
/howto6/High+Availability /howto6/high-availability;
/howto6/How+To+Enable+WKWebView+for+Hybrid+App+for+iOS /howto6/how-to-enable-wkwebview-for-hybrid-app-for-ios;
/howto6/How+to+incorporate+Mendix+application+with+Amazon+Machine+Learning /howto6/how-to-incorporate-mendix-application-with-amazon-machine-learning;
/howto6/Implementation+Guide /howto6/implementation-guide;
/howto6/Importing+and+Exporting+Objects /howto6/importing-and-exporting-objects;
/howto6/Importing+Excel+Documents /howto6/importing-excel-documents;
/howto6/Importing+XML+documents /howto6/importing-xml-documents;
/howto6/Install+and+Configure+the+SMTP+Module /howto6/install-and-configure-the-smtp-module;
/howto6/Installing+Mendix+on+Debian+GNU+Linux /howto6/installing-mendix-on-debian-gnu-linux;
/howto6/Installing+Mendix+on+RedHat+and+CentOS /howto6/installing-mendix-on-redhat-and-centos;
/howto6/Integrating+a+Legacy+System+into+a+Mendix+App /howto6/integrating-a-legacy-system-into-a-mendix-app;
~/howto6/Integration /howto6/integration;
/howto6/Java+API+Tutorial /howto6/java-api-tutorial;
/howto6/Layouts+and+Snippets /howto6/layouts-and-snippets;
/howto6/Log+Levels /howto6/log-levels;
/howto6/Logic+and+Business+Rules /howto6/logic-and-business-rules;
/howto6/Manage+Application+Performance+with+AppDynamics /howto6/manage-application-performance-with-appdynamics;
/howto6/Manage+Application+Performance+with+New+Relic /howto6/manage-application-performance-with-new-relic;
/howto6/Managing+your+Application+Requirements+with+Mendix /howto6/managing-your-application-requirements-with-mendix;
/howto6/Mendix+on+Windows+-+Microsoft+SQL+Server /howto6/mendix-on-windows-microsoft-sql-server;
/howto6/Mendix+SQL+Maintenance+Plans /howto6/mendix-sql-maintenance-plans;
~/howto6/Mobile /howto6/mobile;
/howto6/Monitoring+and+Troubleshooting /howto6/monitoring-and-troubleshooting;
/howto6/Monitoring+Mendix+using+JMX /howto6/monitoring-mendix-using-jmx;
/howto6/On-premises+Deployment /howto6/on-premises-deployment;
/howto6/On+premises+Deployment /howto6/on-premises-deployment;
/howto6/Optimizing+Microflow+Aggregates /howto6/optimizing-microflow-aggregates;
/howto6/Optimizing+Retrieve+Activities /howto6/optimizing-retrieve-activities;
/howto6/Publishing+a+Mendix+Hybrid+Mobile+App+in+Mobile+App+Stores /howto6/publishing-a-mendix-hybrid-mobile-app-in-mobile-app-stores;
/howto6/Push+Notifications /howto6/push-notifications;
/howto6/Restoring+a+SQL+Server+database /howto6/restoring-a-sql-server-database;
/howto6/Scaffold+a+widget+with+the+Yeoman+Widget+generator /howto6/scaffold-a-widget-with-the-yeoman-widget-generator;
/howto6/Scout+and+Windows+10+Workaround /howto6/scout-and-windows-10-workaround;
~/howto6/Security /howto6/security;
/howto6/Security+checklist+for+your+on+premises+installation /howto6/security-checklist-for-your-on-premises-installation;
/howto6/Selenium+Support /howto6/selenium-support;
/howto6/Send+Custom+Emails+From+Your+App /howto6/send-custom-emails-from-your-app;
/howto6/Set+Up+Anonymous+User+Security /howto6/set-up-anonymous-user-security;
/howto6/Set+Up+Error+Handling /howto6/set-up-error-handling;
/howto6/Setting+up+a+new+SQL+Server+database /howto6/setting-up-a-new-sql-server-database;
/howto6/Setting+up+a+SQL+Server+user /howto6/setting-up-a-sql-server-user;
/howto6/Setting+up+Apple+Push+Notification+Server /howto6/setting-up-apple-push-notification-server;
/howto6/Setting+up+data+validation /howto6/setting-up-data-validation;
/howto6/Setting+up+Google+Firebase+Cloud+Messaging+Server /howto6/setting-up-google-firebase-cloud-messaging-server;
/howto6/Setting+up+monitoring+with+New+Relic /howto6/setting-up-monitoring-with-new-relic;
/howto6/Setting+up+the+database+user /howto6/setting-up-the-database-user;
/howto6/Setting+Up+the+Navigation+Structure /howto6/setting-up-the-navigation-structure;
/howto6/Setup+Mendix+UI+Framework /howto6/setup-mendix-ui-framework;
/howto6/Setup+Mendix+UI+Framework+with+just+CSS /howto6/setup-mendix-ui-framework-with-just-css;
/howto6/Setup+Mendix+UI+Framework+with+Koala /howto6/setup-mendix-ui-framework-with-koala;
/howto6/Sharing+the+Development+Database /howto6/sharing-the-development-database;
/howto6/Solving+Load+and+Import+Errors /howto6/solving-load-and-import-errors;
/howto6/Starting+your+own+repository /howto6/starting-your-own-repository;
/howto6/String+Concatenation /howto6/string-concatenation;
/howto6/Style+Google+Maps /howto6/style-google-maps;
/howto6/Synchronizing+user+accounts+using+the+LDAP+module /howto6/synchronizing-user-accounts-using-the-ldap-module;
~/howto6/Testing /howto6/testing;
/howto6/Testing+Mendix+applications+using+Selenium+IDE /howto6/testing-mendix-applications-using-selenium-ide;
/howto6/Testing+microflows+using+the+UnitTesting+module /howto6/testing-microflows-using-the-unittesting-module;
/howto6/Testing+the+Implementation /howto6/testing-the-implementation;
/howto6/Testing+web+services+using+SoapUI /howto6/testing-web-services-using-soapui;
/howto6/The+Mobile+Slider+Custom+Widget /howto6/the-mobile-slider-custom-widget;
/howto6/Translate+Your+App+Content /howto6/translate-your-app-content;
/howto6/Triggering+Logic+using+Microflows /howto6/triggering-logic-using-microflows;
~/howto6/Troubleshooting /howto6/troubleshooting;
/howto6/Troubleshooting+SQL+Server /howto6/troubleshooting-sql-server;
/howto6/Updating+a+Mendix+Application /howto6/updating-a-mendix-application;
/howto6/Use+Connectors+and+Adapters /howto6/use-connectors-and-adapters;
/howto6/Using+Team+Server+-+Version+Control /howto6/using-team-server-version-control;
/howto6/Using+the+Excel+Exporter /howto6/using-the-excel-exporter;
/howto6/Visualize+Data+using+the+ChartsJS+Module /howto6/visualize-data-using-the-chartsjs-module;
/howto6/Working+with+images+and+files /howto6/working-with-images-and-files;
/howto6/Working+With+Lists+in+a+Microflow /howto6/working-with-lists-in-a-microflow;
/howto6/Working+With+Object+Events /howto6/working-with-object-events;

"/mendixcloud/Custom Domains" /mendixcloud/custom-domains;
/mendixcloud/Custom+Domains /mendixcloud/custom-domains;
/mendixcloud/Deploying+to+a+Free+App /mendixcloud/deploying-to-a-free-app;
/mendixcloud/Deploying+to+the+cloud /mendixcloud/deploying-to-the-cloud;
/mendixcloud/Different+user+logins+when+integrated+with+Mendix+SSO /mendixcloud/different-user-logins-when-integrated-with-mendix-sso;
/mendixcloud/How+to+deploy+a+Mendix+app+on+Amazon+Web+Services /mendixcloud/how-to-deploy-a-mendix-app-on-amazon-web-services;
/mendixcloud/How+to+deploy+a+Mendix+app+on+Azure /mendixcloud/how-to-deploy-a-mendix-app-on-azure;
/mendixcloud/Mendix+Cloud /mendixcloud/;
/mendixcloud/Mendix+Cloud+Home /mendixcloud/;
/mendixcloud/Integrate+your+app+with+Mendix+SSO /mendixcloud/integrate-your-app-with-mendix-sso;
/mendixcloud/Java+in+the+Cloud /mendixcloud/java-in-the-cloud;
/mendixcloud/Maintenance+Windows /mendixcloud/maintenance-windows;
/mendixcloud/migrating+to+v4 /mendixcloud/migrating-to-v4;
/mendixcloud/Monitoring+application+health /mendixcloud/monitoring-application-health;
/mendixcloud/Securing+Outgoing+Connections+from+your+Application /mendixcloud/securing-outgoing-connections-from-your-application;
/mendixcloud/Security+constraints+in+the+Mendix+Cloud /mendixcloud/security-constraints-in-the-mendix-cloud;
/mendixcloud/Sending+Email /mendixcloud/sending-email;
~/mendixcloud/Trends /mendixcloud/trends;

/MXSDK/Changing+things+in+the+model /MXSDK/changing-things-in-the-model;
/MXSDK/Closing+the+server+connection /MXSDK/closing-the-server-connection;
/MXSDK/Creating+the+domain+model /MXSDK/creating-the-domain-model;
/MXSDK/Creating+your+first+script /MXSDK/creating-your-first-script;
/MXSDK/Development+Workflow /MXSDK/development-workflow;
/MXSDK/Domain+Model+Metamodel /MXSDK/domain-model-metamodel;
~/MXSDK/FAQ /MXSDK/faq;
/MXSDK/Finding+things+in+the+model /MXSDK/finding-things-in-the-model;
/MXSDK/Generating+code+from+the+model /MXSDK/generating-code-from-the-model;
/MXSDK/Mendix+SDK+Home /MXSDK/;
/MXSDK/JavaScript+TypeScript+Resources /MXSDK/javascript-typescript-resources;
/MXSDK/Loading+units+and+elements /MXSDK/loading-units-and-elements;
/MXSDK/Manipulating+existing+models /MXSDK/manipulating-existing-models;
/MXSDK/Microflows+Metamodel /MXSDK/microflows-metamodel;
/MXSDK/Pages+Metamodel /MXSDK/pages-metamodel;
/MXSDK/Projects+Metamodel /MXSDK/projects-metamodel;
/MXSDK/Reference+Documentation /MXSDK/reference-documentation;
/MXSDK/Setting+up+your+development+environment /MXSDK/setting-up-your-development-environment;
/MXSDK/Understanding+the+metamodel /MXSDK/understanding-the-metamodel;
/MXSDK/Use+case+examples /MXSDK/use-case-examples;
/MXSDK/Working+with+when.js+and+promises+in+TypeScript /MXSDK/working-with-when.js-and-promises-in-typescript;
/MXSDK/Your+learning+path+for+the+Mendix+SDK /MXSDK/your-learning-path-for-the-mendix-sdk;

/mxsupport/Connecting+Project+to+a+Licensed+Node /mxsupport/connecting-project-to-a-licensed-node;
/mxsupport/Google+Authenticator+and+SMS+Installation /mxsupport/google-authenticator-and-sms-installation;
/mxsupport/How+to+connect+a+different+project+to+a+node /mxsupport/how-to-connect-a-different-project-to-a-node;
/mxsupport/How+to+download+a+backup /mxsupport/how-to-download-a-backup;
/mxsupport/How+to+restore+a+backup /mxsupport/how-to-restore-a-backup;
/mxsupport/Mendix+Support+Home /mxsupport/;
/mxsupport/License+key+activation+on+Linux+server /mxsupport/license-key-activation-on-linux-server;
/mxsupport/Preparing+Your+Project+for+New+Customer+Support+Tool /mxsupport/preparing-your-project-for-new-customer-support-tool;
/mxsupport/Required+Network+Access+for+connecting+to+the+Mendix+Platform /mxsupport/required-network-access-for-connecting-to-the-mendix-platform;
/mxsupport/Technical+Contact+Definition /mxsupport/technical-contact-definition;

/refguide5/TreeNavigation /refguide5/;
/refguide5/Access+Rules /refguide5/access-rules;
/refguide5/Action+Button /refguide5/action-button;
/refguide5/Action+Call+Activities /refguide5/action-call-activities;
~/refguide5/Actions /refguide5/actions;
~/refguide5/Activities /refguide5/activities;
/refguide5/Add+button /refguide5/add-button;
/refguide5/Add+date+function+calls /refguide5/add-date-function-calls;
~/refguide5/Administrator /refguide5/administrator;
/refguide5/Aggregate+List /refguide5/aggregate-list;
~/refguide5/Annotation /refguide5/annotation;
/refguide5/Annotation+flow /refguide5/annotation-flow;
~/refguide5/Annotations /refguide5/annotations;
/refguide5/Anonymous+Users /refguide5/anonymous-users;
/refguide5/App+Platform /refguide5/app-platform;
/refguide5/App+Settings+Dialog /refguide5/app-settings-dialog;
/refguide5/New+Project+Dialog /refguide5/app-settings-dialog;
/refguide5/Arithmetic+expressions /refguide5/arithmetic-expressions;
/refguide5/Association+Source /refguide5/association-source;
~/refguide5/Associations /refguide5/associations;
/refguide5/Attribute+condition /refguide5/attribute-condition;
/refguide5/Attribute+Path+Property /refguide5/attribute-path-property;
~/refguide5/Attributes /refguide5/attributes;
/refguide5/Back+button /refguide5/back-button;
/refguide5/Basic+Reports /refguide5/basic-reports;
/refguide5/Between+date+function+calls /refguide5/between-date-function-calls;
/refguide5/Boolean+expressions /refguide5/boolean-expressions;
/refguide5/Branch+Manager+Dialog /refguide5/branch-manager-dialog;
/refguide5/Break+Event /refguide5/break-event;
/refguide5/Button+Style+Property /refguide5/button-style-property;
/refguide5/Button+Widgets /refguide5/button-widgets;
/refguide5/Page+Buttons /refguide5/button-widgets;
/refguide5/Call+Web+Service /refguide5/call-web-service;
/refguide5/Cancel+button /refguide5/cancel-button;
/refguide5/Caption+Configurable+Property /refguide5/caption-configurable-property;
/refguide5/Caption+Property /refguide5/caption-property;
/refguide5/Cast+Object /refguide5/cast-object;
/refguide5/Cell+Document+Template /refguide5/cell-document-template;
~/refguide5/Certificates /refguide5/certificates;
/refguide5/Change+List /refguide5/change-list;
/refguide5/Change+Object /refguide5/change-object;
/refguide5/Change+Variable /refguide5/change-variable;
/refguide5/Check+box /refguide5/check-box;
/refguide5/Class+Property /refguide5/class-property;
/refguide5/Client+Activities /refguide5/client-activities;
/refguide5/Close+Form /refguide5/close-form;
/refguide5/Clustered+Mendix+Runtime /refguide5/clustered-mendix-runtime;
/refguide5/Clustered+Mendix+Business+Server /refguide5/clustered-mendix-runtime;
/refguide5/Column+Width+Properties /refguide5/column-width-properties;
~/refguide5/Columns /refguide5/columns;
/refguide5/Columns+Document+Template /refguide5/columns-document-template;
/refguide5/Commit+Dialog /refguide5/commit-dialog;
/refguide5/Committing+Objects /refguide5/committing-objects;
/refguide5/Common+Widget+Properties /refguide5/common-widget-properties;
/refguide5/Common+Widgets /refguide5/common-widgets;
/refguide5/Comparison+Search+Field /refguide5/comparison-search-field;
/refguide5/Condition+Property /refguide5/condition-property;
~/refguide5/Conditions /refguide5/conditions;
~/refguide5/Configuration /refguide5/configuration;
/refguide5/Confluence+Include+Pages /refguide5/confluence-include-pages;
~/refguide5/Constants /refguide5/constants;
/refguide5/Consumed+App+Services /refguide5/consumed-app-services;
/refguide5/Consumed+web+service /refguide5/consumed-web-service;
/refguide5/Consumed+Web+Services /refguide5/consumed-web-services;
~/refguide5/Container /refguide5/container;
/refguide5/Container+Widgets /refguide5/container-widgets;
/refguide5/Context+Mechanism /refguide5/context-mechanism;
/refguide5/Continue+Event /refguide5/continue-event;
/refguide5/Control+Bar /refguide5/control-bar;
/refguide5/Create+Branch+Line+Dialog /refguide5/create-branch-line-dialog;
/refguide5/Create+Deployment+Archive+Dialog /refguide5/create-deployment-archive-dialog;
/refguide5/Create+List /refguide5/create-list;
/refguide5/Create+Object /refguide5/create-object;
/refguide5/Create+Variable /refguide5/create-variable;
/refguide5/Custom+Settings /refguide5/custom-settings;
/refguide5/Customizing+Hybrid+Mobile+Apps /refguide5/customizing-hybrid-mobile-apps;
/refguide5/Customizing+PhoneGap+Build+packages /refguide5/customizing-phonegap-build-packages;
/refguide5/Data+grid /refguide5/data-grid;
/refguide5/Data+Grid+Document+Template /refguide5/data-grid-document-template;
/refguide5/Data+Sets /refguide5/data-sets;
/refguide5/Data+Sources /refguide5/data-sources;
/refguide5/Data+Types /refguide5/data-types;
/refguide5/Data+view /refguide5/data-view;
/refguide5/Data+view+action+button /refguide5/data-view-action-button;
/refguide5/Data+view+cancel+button /refguide5/data-view-cancel-button;
/refguide5/Data+view+close+button /refguide5/data-view-close-button;
/refguide5/Data+view+control+bar /refguide5/data-view-control-bar;
/refguide5/Data+View+Document+Template /refguide5/data-view-document-template;
/refguide5/Data+view+microflow+button /refguide5/data-view-microflow-button;
/refguide5/Data+view+save+button /refguide5/data-view-save-button;
/refguide5/Data+Widgets /refguide5/data-widgets;
/refguide5/Database+Source /refguide5/database-source;
/refguide5/Date+and+Time+Handling+in+3.0 /refguide5/date-and-time-handling-in-3.0;
/refguide5/Date+creation /refguide5/date-creation;
/refguide5/Date+picker /refguide5/date-picker;
/refguide5/Date+Range+Field /refguide5/date-range-field;
/refguide5/Date+Range+Selector /refguide5/date-range-selector;
/refguide5/DateTime+handling+FAQ /refguide5/datetime-handling-faq;
/refguide5/Delete+button /refguide5/delete-button;
/refguide5/Delete+Object(s) /refguide5/deleting-objects;
/refguide5/Deleting+Objects /refguide5/deleting-objects;
/refguide5/Demo+Users /refguide5/demo-users;
/refguide5/Deploy+To+The+Cloud+Dialog /refguide5/deploy-to-the-cloud-dialog;
~/refguide5/Deployment /refguide5/deployment;
/refguide5/Deselect+all+button /refguide5/deselect-all-button;
/refguide5/Developing+Hybrid+Mobile+Apps /refguide5/developing-hybrid-mobile-apps;
/refguide5/Device+Type /refguide5/device-type;
~/refguide5/Dialogs /refguide5/dialogs;
/refguide5/Dirty+State+Behavior+for+Mendix+6 /refguide5/dirty-state-behavior-for-mendix-6;
/refguide5/Document+Template /refguide5/document-template;
/refguide5/Document+Templates /refguide5/document-templates;
/refguide5/Documentation+Property /refguide5/documentation-property;
/refguide5/Domain+Model /refguide5/domain-model;
/refguide5/Domain+to+XML+Mappings /refguide5/domain-to-xml-mappings;
/refguide5/Download+File /refguide5/download-file;
/refguide5/Download+From+Team+Server+Dialog /refguide5/download-from-team-server-dialog;
~/refguide5/Drop-down /refguide5/drop_down;
/refguide5/Drop-Down+Widget /refguide5/drop_down;
"/refguide5/Drop-Down Widget" /refguide5/drop_down;
/refguide5/Drop+Down /refguide5/drop-down;
/refguide5/Drop+down+button /refguide5/drop-down-button;
/refguide5/Drop+Down+Search+Field /refguide5/drop-down-search-field;
/refguide5/Dynamic+Image+Document+Template /refguide5/dynamic-image-document-template;
/refguide5/Dynamic+Label+Document+Template /refguide5/dynamic-label-document-template;
/refguide5/Edit+button /refguide5/edit-button;
/refguide5/Editable+Property /refguide5/editable-property;
/refguide5/End+Event /refguide5/end-event;
~/refguide5/Entities /refguide5/entities;
/refguide5/Entity+Path+Property /refguide5/entity-path-property;
/refguide5/Enumeration+Values /refguide5/enumeration-values;
~/refguide5/Enumerations /refguide5/enumerations;
/refguide5/Enumerations+in+microflow+expressions /refguide5/enumerations-in-microflow-expressions;
/refguide5/Error+Event /refguide5/error-event;
/refguide5/Event+Handlers /refguide5/event-handlers;
/refguide5/Exclusive+Split /refguide5/exclusive-split;
/refguide5/Export+to+CSV+button /refguide5/export-to-csv-button;
/refguide5/Export+to+excel+button /refguide5/export-to-excel-button;
/refguide5/Export+XML /refguide5/export-xml;
/refguide5/File+manager /refguide5/file-manager;
/refguide5/File+Widgets /refguide5/file-widgets;
/refguide5/Footer+Document+Template /refguide5/footer-document-template;
/refguide5/Garbage+collection /refguide5/garbage-collection;
~/refguide5/General /refguide5/general;
/refguide5/Generate+Document /refguide5/generate-document;
/refguide5/Getting+the+Mendix+Developer+App /refguide5/getting-the-mendix-developer-app;
~/refguide5/Goal /refguide5/goal;
/refguide5/Grid+action+button /refguide5/grid-action-button;
/refguide5/Grid+microflow+button /refguide5/grid-microflow-button;
/refguide5/Grid+New+Button /refguide5/grid-new-button;
/refguide5/Group+box /refguide5/group-box;
~/refguide5/Section /refguide5/group-box;
~/refguide5/Header /refguide5/header;
/refguide5/Header+Document+Template /refguide5/header-document-template;
/refguide5/History+Dialog /refguide5/history-dialog;
/refguide5/Horizontal+Split+Pane /refguide5/horizontal-split-pane;
/refguide5/If+expressions /refguide5/if-expressions;
~/refguide5/Image /refguide5/image;
/refguide5/Image+Height /refguide5/image-height;
/refguide5/Image+Height+Unit /refguide5/image-height-unit;
/refguide5/Image+Property /refguide5/image-property;
/refguide5/Image+Responsive /refguide5/image-responsive;
/refguide5/Image+uploader /refguide5/image-uploader;
/refguide5/Image+viewer /refguide5/image-viewer;
/refguide5/Image+Width /refguide5/image-width;
/refguide5/Image+Width+Unit /refguide5/image-width-unit;
~/refguide5/Images /refguide5/images;
/refguide5/Import+XML /refguide5/import-xml;
~/refguide5/es /refguide5/es;
/refguide5/Inheritance+Split /refguide5/inheritance-split;
/refguide5/Input+reference+set+selector /refguide5/input-reference-set-selector;
/refguide5/Input+Widgets /refguide5/input-widgets;
~/refguide5/Integration /refguide5/integration;
/refguide5/Integration+Activities /refguide5/integration-activities;
/refguide5/Is+close+button+Property /refguide5/is-close-button-property;
/refguide5/Is+default+button+Property /refguide5/is-default-button-property;
/refguide5/ISession+API+Usage /refguide5/isession-api-usage;
/refguide5/Java+Action+Call /refguide5/java-action-call;
/refguide5/Java+Actions /refguide5/java-actions;
/refguide5/Java+in+the+Cloud /refguide5/java-in-the-cloud;
/refguide5/Java+Memory+Usage+With+Mendix /refguide5/java-memory-usage-with-mendix;
/refguide5/Java+Programming /refguide5/java-programming;
/refguide5/Keep+alive+mechanism+for+Persistent+Sessions /refguide5/keep-alive-mechanism-for-persistent-sessions;
~/refguide5/Label /refguide5/label;
/refguide5/Label+Property /refguide5/label-property;
~/refguide5/Layout /refguide5/layout;
~/refguide5/Layouts /refguide5/layout;
/refguide5/Layout+Container /refguide5/layout-container;
/refguide5/Layout+Container+Region /refguide5/layout-container-region;
/refguide5/Layout+grid /refguide5/layout-grid;
/refguide5/Layout+Widgets /refguide5/layout-widgets;
/refguide5/Line+Break+Document+Template /refguide5/line-break-document-template;
/refguide5/Link+button /refguide5/link-button;
/refguide5/List+Activities /refguide5/list-activities;
/refguide5/List+Operation /refguide5/list-operation;
/refguide5/List+Parameters /refguide5/list-parameters;
/refguide5/List+view /refguide5/list-view;
/refguide5/Listen+To+Grid+Source /refguide5/listen-to-grid-source;
/refguide5/Log+Message /refguide5/log-message;
~/refguide5/Logging /refguide5/logging;
/refguide5/Logging+Activities /refguide5/logging-activities;
~/refguide5/Loop /refguide5/loop;
/refguide5/Managing+App+Signing+Keys /refguide5/managing-app-signing-keys;
/refguide5/Map+element+to+entity /refguide5/map-element-to-entity;
/refguide5/Map+entity+to+element /refguide5/map-entity-to-element;
/refguide5/Mathematical+function+calls /refguide5/mathematical-function-calls;
~/refguide5/Menu /refguide5/menu;
/refguide5/Menu+Bar /refguide5/menu-bar;
/refguide5/Menu+Item /refguide5/menu-item;
/refguide5/Menu+Source+Properties /refguide5/menu-source-properties;
/refguide5/Menu+Widgets /refguide5/menu-widgets;
~/refguide5/Merge /refguide5/merge;
/refguide5/Merge+Dialog /refguide5/merge-dialog;
~/refguide5/Microflow /refguide5/microflow;
/refguide5/Microflow+button /refguide5/microflow-button;
/refguide5/Microflow+Call /refguide5/microflow-call;
/refguide5/Microflow+Element+Common+Properties /refguide5/microflow-element-common-properties;
/refguide5/Microflow+Expressions /refguide5/microflow-expressions;
/refguide5/Microflow+Source /refguide5/microflow-source;
~/refguide5/Microflows /refguide5/microflows;
/refguide5/Microsoft+SQL+Server+maintenance /refguide5/microsoft-sql-server-maintenance;
~/refguide5/Mobile /refguide5/mobile;
/refguide5/Model+Share /refguide5/model-share;
~/refguide5/Modeler /refguide5/modeler;
/refguide5/Module+Role /refguide5/module-role;
/refguide5/Module+Roles+Condition+Extended /refguide5/module-roles-condition-extended;
/refguide5/Module+Roles+Condition+Simple /refguide5/module-roles-condition-simple;
/refguide5/Module+Security /refguide5/module-security;
/refguide5/Module+Status /refguide5/module-status;
~/refguide5/Modules /refguide5/modules;
/refguide5/Monitoring+-+Mendix+Runtime /refguide5/monitoring-mendix-runtime;
/refguide5/Monitoring+-+What+to+monitor /refguide5/monitoring-what-to-monitor;
/refguide5/Moving+from+4+to+5 /refguide5/moving-from-4-to-5;
~/refguide5/MySQL /refguide5/mysql;
/refguide5/Name+Property /refguide5/name-property;
~/refguide5/Navigation /refguide5/navigation;
/refguide5/Navigation+list /refguide5/navigation-list;
/refguide5/Navigation+Tree /refguide5/navigation-tree;
/refguide5/New+button /refguide5/new-button;
/refguide5/Numeric+formatting /refguide5/numeric-formatting;
/refguide5/Object+Activities /refguide5/object-activities;
/refguide5/OData+Query+Options /refguide5/odata-query-options;
/refguide5/OData+Representation /refguide5/odata-representation;
/refguide5/On+Change+Event /refguide5/on-change-event;
/refguide5/On+Click+Event /refguide5/on-click-event;
/refguide5/On+Click+Event+Action /refguide5/on-click-event-action;
/refguide5/On+Enter+event /refguide5/on-enter-event;
/refguide5/On+Leave+Event /refguide5/on-leave-event;
/refguide5/Open+Project+Dialog /refguide5/open-project-dialog;
/refguide5/Opening+Pages /refguide5/opening-pages;
~/refguide5/Operations /refguide5/operations;
~/refguide5/OQL /refguide5/oql;
/refguide5/OQL+Aggregation /refguide5/oql-aggregation;
/refguide5/OQL+Case+Expression /refguide5/oql-case-expression;
/refguide5/OQL+CAST /refguide5/oql-cast;
/refguide5/OQL+COALESCE /refguide5/oql-coalesce;
/refguide5/OQL+DATEDIFF /refguide5/oql-datediff;
/refguide5/OQL+DATEPART /refguide5/oql-datepart;
/refguide5/OQL+Expressions /refguide5/oql-expressions;
/refguide5/OQL+From+Clause /refguide5/oql-from-clause;
/refguide5/OQL+FULL+OUTER+JOIN /refguide5/oql-full-outer-join;
/refguide5/OQL+Functions /refguide5/oql-functions;
/refguide5/OQL+Group+by+Clause /refguide5/oql-group-by-clause;
/refguide5/OQL+INNER+JOIN /refguide5/oql-inner-join;
/refguide5/OQL+LEFT+OUTER+JOIN /refguide5/oql-left-outer-join;
/refguide5/OQL+LENGTH /refguide5/oql-length;
/refguide5/OQL+Limit+Clause /refguide5/oql-limit-clause;
/refguide5/OQL+Operators /refguide5/oql-operators;
/refguide5/OQL+Order+by+Clause /refguide5/oql-order-by-clause;
/refguide5/OQL+Parameters /refguide5/oql-parameters;
/refguide5/OQL+RANGEBEGIN /refguide5/oql-rangebegin;
/refguide5/OQL+RANGEEND /refguide5/oql-rangeend;
/refguide5/OQL+RIGHT+OUTER+JOIN /refguide5/oql-right-outer-join;
/refguide5/OQL+ROUND /refguide5/oql-round;
/refguide5/OQL+Select+Clause /refguide5/oql-select-clause;
/refguide5/OQL+Where+Clause /refguide5/oql-where-clause;
~/refguide5/Oracle /refguide5/oracle;
/refguide5/Packaging+Hybrid+Mobile+Apps /refguide5/packaging-hybrid-mobile-apps;
~/refguide5/Page /refguide5/page;
/refguide5/Page+Break+Document+Template /refguide5/page-break-document-template;
/refguide5/Page+Concepts /refguide5/page-concepts;
/refguide5/Page+Templates /refguide5/page-templates;
/refguide5/Page+title /refguide5/page-title;
~/refguide5/Pages /refguide5/pages;
~/refguide5/Parameter /refguide5/parameter;
~/refguide5/parse-and-format-date-function-calls /refguide5/parse-and-format-date-function-calls;
/refguide5/Parse+and+format+decimal+function+calls /refguide5/parse-and-format-decimal-function-calls;
/refguide5/Parse+and+format+float+function+calls /refguide5/parse-and-format-float-function-calls;
/refguide5/Parse+integer /refguide5/parse-integer;
/refguide5/Password+Policy /refguide5/password-policy;
~/refguide5/Persistability /refguide5/persistability;
/refguide5/Persistent+Create+Object /refguide5/persistent-create-object;
~/refguide5/Placeholder /refguide5/placeholder;
/refguide5/Preferences+Dialog /refguide5/preferences-dialog;
/refguide5/Proactive+Maintenance /refguide5/proactive-maintenance;
~/refguide5/Project /refguide5/project;
/refguide5/Project+Security /refguide5/project-security;
/refguide5/Project+Settings /refguide5/project-settings;
/refguide5/Publish+Packages+To+Mobile+Stores /refguide5/publish-packages-to-mobile-stores;
/refguide5/Published+App+Service /refguide5/published-app-service;
/refguide5/Published+App+Services /refguide5/published-app-services;
/refguide5/Published+OData+resource /refguide5/published-odata-resource;
/refguide5/Published+OData+Services /refguide5/published-odata-services;
/refguide5/Published+web+service /refguide5/published-web-service;
/refguide5/Published+Web+Services /refguide5/published-web-services;
/refguide5/Radio+buttons /refguide5/radio-buttons;
/refguide5/Range+Search+Field /refguide5/range-search-field;
/refguide5/Reference+Guide+5 /refguide5/reference-guide-5;
/refguide5/Reference+selector /refguide5/reference-selector;
/refguide5/Reference+set+selector /refguide5/reference-set-selector;
/refguide5/Regular+Expressions /refguide5/regular-expressions;
/refguide5/Relational+expressions /refguide5/relational-expressions;
/refguide5/Release+Notes /refguide5/release-notes;
/refguide5/Remove+button /refguide5/remove-button;
/refguide5/Render+Mode+Property /refguide5/render-mode-property;
/refguide5/Report+Button /refguide5/report-button;
/refguide5/Report+Chart /refguide5/report-chart;
/refguide5/Report+Pane /refguide5/report-pane;
/refguide5/Report+Widgets /refguide5/report-widgets;
/refguide5/Reporting+Widgets /refguide5/report-widgets;
~/refguide5/Reporting /refguide5/report-widgets;
/refguide5/Required+message+Property /refguide5/required-message-property;
/refguide5/Required+Property /refguide5/required-property;
~/refguide5/Retrieve /refguide5/retrieve;
/refguide5/Review+log+files+-+MS+IIS+Server /refguide5/review-log-files-ms-iis-server;
/refguide5/Review+log+files+-+MS+SQL+Server /refguide5/review-log-files-ms-sql-server;
/refguide5/Rollback+Object /refguide5/rollback-object;
/refguide5/Row+Document+Template /refguide5/row-document-template;
~/refguide5/Rules /refguide5/rules;
~/refguide5/Runtime /refguide5/runtime;
/refguide5/Save+button /refguide5/save-button;
/refguide5/Scheduled+Events /refguide5/scheduled-events;
/refguide5/Scroll+Container /refguide5/scroll-container;
/refguide5/Scroll+Container+Region /refguide5/scroll-container-region;
/refguide5/Search+Bar /refguide5/search-bar;
/refguide5/Search+button /refguide5/search-button;
/refguide5/Search+Field+Attribute+Path+Property /refguide5/search-field-attribute-path-property;
/refguide5/Search+Field+Caption+Property /refguide5/search-field-caption-property;
/refguide5/Search+Field+Comparison+Property /refguide5/search-field-comparison-property;
/refguide5/Search+Field+Default+Value+Property /refguide5/search-field-default-value-property;
/refguide5/Search+Field+Type+Property /refguide5/search-field-type-property;
~/refguide5/Security /refguide5/security;
/refguide5/Security+constraints+in+the+Mendix+Cloud /refguide5/security-constraints-in-the-mendix-cloud;
/refguide5/Select+all+button /refguide5/select-all-button;
/refguide5/Select+app+service /refguide5/select-app-service;
/refguide5/Select+button /refguide5/select-button;
/refguide5/Select+elements /refguide5/select-elements;
/refguide5/Sequence+Flow /refguide5/sequence-flow;
~/refguide5/Settings /refguide5/settings;
/refguide5/Show+Home+Page /refguide5/show-home-page;
/refguide5/Show+Message /refguide5/show-message;
/refguide5/Show+Page /refguide5/show-page;
/refguide5/Show+Form /refguide5/show-page;
/refguide5/Sidebar+toggle+button /refguide5/sidebar-toggle-button;
/refguide5/Sign+In+Dialog /refguide5/sign-in-dialog;
/refguide5/Sign+out+button /refguide5/sign-out-button;
/refguide5/Simple+Menu+Bar /refguide5/simple-menu-bar;
~/refguide5/Snippet /refguide5/snippet;
~/refguide5/Snippets /refguide5/snippet;
/refguide5/Snippet+Call /refguide5/snippet-call;
/refguide5/Sort+Bar /refguide5/sort-bar;
/refguide5/Special+checks /refguide5/special-checks;
/refguide5/Start+Event /refguide5/start-event;
/refguide5/Starting+Microflows /refguide5/starting-microflows;
/refguide5/Static+Image+Document+Template /refguide5/static-image-document-template;
/refguide5/Static+Label+Document+Template /refguide5/static-label-document-template;
/refguide5/String+function+calls /refguide5/string-function-calls;
~/refguide5/Style /refguide5/style;
/refguide5/Style+Property /refguide5/style-property;
~/refguide5/Summary /refguide5/summary;
/refguide5/System+Requirements /refguide5/system-requirements;
/refguide5/System+Texts /refguide5/system-texts;
/refguide5/Tab+container /refguide5/tab-container;
/refguide5/Tab+Control /refguide5/tab-container;
/refguide5/Tab+index+Property /refguide5/tab-index-property;
/refguide5/Tab+page /refguide5/tab-page;
~/refguide5/Table /refguide5/table;
/refguide5/Table+cell /refguide5/table-cell;
/refguide5/Table+Document+Template /refguide5/table-document-template;
/refguide5/Table+row /refguide5/table-row;
/refguide5/Team+Server /refguide5/team-server;
/refguide5/Team+Server+FAQ /refguide5/team-server-faq;
/refguide5/Template+grid /refguide5/template-grid;
/refguide5/Template+Grid+Document+Template /refguide5/template-grid-document-template;
~/refguide5/Text /refguide5/text;
/refguide5/Text+area /refguide5/text-area;
/refguide5/Text+box /refguide5/text-box;
/refguide5/Third+Party+Licenses /refguide5/third-party-licenses;
/refguide5/Title+Document+Template /refguide5/title-document-template;
/refguide5/To+float /refguide5/to-float;
/refguide5/To+string /refguide5/to-string;
/refguide5/Tooltip+Property /refguide5/tooltip-property;
/refguide5/Transient+Objects+Garbage+Collecting /refguide5/transient-objects-garbage-collecting;
/refguide5/Translatable+Texts /refguide5/translatable-texts;
/refguide5/Trim+to+date /refguide5/trim-to-date;
~/refguide5/Troubleshooting /refguide5/troubleshooting;
/refguide5/Two+Factor+Authentication /refguide5/two-factor-authentication;
/refguide5/Unary+expressions /refguide5/unary-expressions;
/refguide5/Upload+To+Team+Server+Dialog /refguide5/upload-to-team-server-dialog;
/refguide5/User+Roles /refguide5/user-roles;
/refguide5/User+Role /refguide5/user-roles;
/refguide5/Using+a+proxy+to+call+a+webservice /refguide5/using-a-proxy-to-call-a-webservice;
/refguide5/Using+Eclipse /refguide5/using-eclipse;
/refguide5/Validation+Feedback /refguide5/validation-feedback;
/refguide5/Validation+Rules /refguide5/validation-rules;
/refguide5/Variable+Activities /refguide5/variable-activities;
/refguide5/Version+Control /refguide5/version-control;
/refguide5/Version+Control+Concepts /refguide5/version-control-concepts;
/refguide5/Version+Control+Scenarios /refguide5/version-control-scenarios;
/refguide5/Vertical+Split+Pane /refguide5/vertical-split-pane;
/refguide5/Visibility+Property+with+Module+Roles+Extended /refguide5/visibility-property-with-module-roles-extended;
/refguide5/Visibility+Property+with+Module+Roles+Simple /refguide5/visibility-property-with-module-roles-simple;
/refguide5/Visible+Property /refguide5/visible-property;
/refguide5/XML+Reference+Guide /refguide5/xml-reference-guide;
/refguide5/XML+Schema+Support /refguide5/xml-schema-support;
/refguide5/XML+Schemas /refguide5/xml-schemas;
/refguide5/XML+to+Domain+Mappings /refguide5/xml-to-domain-mappings;
~/refguide5/XPath /refguide5/xpath;
/refguide5/XPath+avg /refguide5/xpath-avg;
/refguide5/XPath+Constraint+Functions /refguide5/xpath-constraint-functions;
/refguide5/XPath+Constraints /refguide5/xpath-constraints;
/refguide5/XPath+contains /refguide5/xpath-contains;
/refguide5/XPath+count /refguide5/xpath-count;
/refguide5/XPath+day+from+dateTime /refguide5/xpath-day-from-datetime;
/refguide5/XPath+day+of+year+from+dateTime /refguide5/xpath-day-of-year-from-datetime;
/refguide5/XPath+ends+with /refguide5/xpath-ends-with;
/refguide5/XPath+Expressions /refguide5/xpath-expressions;
/refguide5/XPath+false /refguide5/xpath-false;
/refguide5/XPath+hours+from+dateTime /refguide5/xpath-hours-from-datetime;
/refguide5/XPath+id /refguide5/xpath-id;
/refguide5/XPath+Keywords+and+System+Variables /refguide5/xpath-keywords-and-system-variables;
/refguide5/XPath+length /refguide5/xpath-length;
/refguide5/XPath+max /refguide5/xpath-max;
/refguide5/XPath+min /refguide5/xpath-min;
/refguide5/XPath+minutes+from+dateTime /refguide5/xpath-minutes-from-datetime;
/refguide5/XPath+month+from+dateTime /refguide5/xpath-month-from-datetime;
/refguide5/XPath+not /refguide5/xpath-not;
/refguide5/XPath+Operators /refguide5/xpath-operators;
/refguide5/XPath+quarter+from+dateTime /refguide5/xpath-quarter-from-datetime;
/refguide5/XPath+Query+Functions /refguide5/xpath-query-functions;
/refguide5/XPath+seconds+from+dateTime /refguide5/xpath-seconds-from-datetime;
/refguide5/XPath+starts+with /refguide5/xpath-starts-with;
/refguide5/XPath+string+length /refguide5/xpath-string-length;
/refguide5/XPath+sum /refguide5/xpath-sum;
/refguide5/XPath+Tokens /refguide5/xpath-tokens;
/refguide5/XPath+true /refguide5/xpath-true;
/refguide5/XPath+week+from+dateTime /refguide5/xpath-week-from-datetime;
/refguide5/XPath+weekday+from+dateTime /refguide5/xpath-weekday-from-datetime;
/refguide5/XPath+year+from+dateTime /refguide5/xpath-year-from-datetime;

/refguide6/Reference+Guide+6 /refguide6/;
/refguide6/TreeNavigation /refguide6/;
/refguide6/Access+Rules /refguide6/access-rules;
/refguide6/Action+Button /refguide6/action-button;
/refguide6/Action+Call+Activities /refguide6/action-call-activities;
~/refguide6/Actions /refguide6/actions;
~/refguide6/Activities /refguide6/activities;
/refguide6/Add+button /refguide6/add-button;
/refguide6/Add+date+function+calls /refguide6/add-date-function-calls;
~/refguide6/Administrator /refguide6/administrator;
/refguide6/Aggregate+List /refguide6/aggregate-list;
~/refguide6/Annotation /refguide6/annotation;
/refguide6/Annotation+flow /refguide6/annotation-flow;
~/refguide6/Annotations /refguide6/annotations;
/refguide6/Anonymous+Users /refguide6/anonymous-users;
/refguide6/App+Platform /refguide6/app-platform;
/refguide6/App+Settings+Dialog /refguide6/app-settings-dialog;
/refguide6/Arithmetic+expressions /refguide6/arithmetic-expressions;
/refguide6/Association+Source /refguide6/association-source;
~/refguide6/Associations /refguide6/associations;
~/refguide6/Attributes /refguide6/attributes;
/refguide6/Back+button /refguide6/back-button;
/refguide6/Basic+Reports /refguide6/basic-reports;
/refguide6/Between+date+function+calls /refguide6/between-date-function-calls;
/refguide6/Boolean+expressions /refguide6/boolean-expressions;
/refguide6/Branch+Line+Manager+Dialog /refguide6/branch-line-manager-dialog;
/refguide6/Break+Event /refguide6/break-event;
/refguide6/Button+Widgets /refguide6/button-widgets;
/refguide6/Call+Rest+Action /refguide6/call-rest-action;
/refguide6/Call+Web+Service /refguide6/call-web-service;
/refguide6/Call+Web+Service+Action /refguide6/call-web-service-action;
/refguide6/Cancel+button /refguide6/cancel-button;
/refguide6/Cast+Object /refguide6/cast-object;
/refguide6/Cell+Document+Template /refguide6/cell-document-template;
~/refguide6/Certificates /refguide6/certificates;
/refguide6/Change+List /refguide6/change-list;
/refguide6/Change+Object /refguide6/change-object;
/refguide6/Change+Variable /refguide6/change-variable;
/refguide6/Check+box /refguide6/check-box;
/refguide6/Client+Activities /refguide6/client-activities;
/refguide6/Close+Form /refguide6/close-form;
/refguide6/Close+page+button /refguide6/close-page-button;
/refguide6/Clustered+Mendix+Runtime /refguide6/clustered-mendix-runtime;
/refguide6/Clustered+Mendix+Business+Server /refguide6/clustered-mendix-runtime;
~/refguide6/Columns /refguide6/columns;
/refguide6/Columns+Document+Template /refguide6/columns-document-template;
/refguide6/Commit+Dialog /refguide6/commit-dialog;
/refguide6/Commit+Object(s) /refguide6/committing-objects;
/refguide6/Committing+Objects /refguide6/committing-objects;
/refguide6/Common+Widget+Properties /refguide6/common-widget-properties;
/refguide6/Common+Widgets /refguide6/common-widgets;
/refguide6/Comparison+Search+Field /refguide6/comparison-search-field;
~/refguide6/Conditions /refguide6/conditions;
~/refguide6/Configuration /refguide6/configuration;
/refguide6/Configuring+Hybrid+Mobile+Apps+To+Run+Offline /refguide6/configuring-hybrid-mobile-apps-to-run-offline;
~/refguide6/Constants /refguide6/constants;
/refguide6/Consumed+App+Services /refguide6/consumed-app-services;
/refguide6/Consumed+REST+Services /refguide6/consumed-rest-services;
/refguide6/Consumed+web+service /refguide6/consumed-web-service;
/refguide6/Consumed+Web+Services /refguide6/consumed-web-services;
~/refguide6/Container /refguide6/container;
/refguide6/Container+Widgets /refguide6/container-widgets;
/refguide6/Context+Mechanism /refguide6/context-mechanism;
/refguide6/Continue+Event /refguide6/continue-event;
/refguide6/Control+Bar /refguide6/control-bar;
/refguide6/Create+Branch+Line+Dialog /refguide6/create-branch-line-dialog;
/refguide6/Create+Deployment+Package+Dialog /refguide6/create-deployment-package-dialog;
/refguide6/Create+List /refguide6/create-list;
/refguide6/Create+Object /refguide6/create-object;
/refguide6/Create+Variable /refguide6/create-variable;
/refguide6/Custom+Settings /refguide6/custom-settings;
/refguide6/Customizing+Hybrid+Mobile+Apps /refguide6/customizing-hybrid-mobile-apps;
/refguide6/Customizing+PhoneGap+Build+packages /refguide6/customizing-phonegap-build-packages;
/refguide6/Data+grid /refguide6/data-grid;
/refguide6/Data+Grid+Document+Template /refguide6/data-grid-document-template;
/refguide6/Data+Sets /refguide6/data-sets;
/refguide6/Data+Sources /refguide6/data-sources;
/refguide6/Data+Storage /refguide6/data-storage;
/refguide6/Data+Types /refguide6/data-types;
/refguide6/Data+view /refguide6/data-view;
/refguide6/Data+view+action+button /refguide6/data-view-action-button;
/refguide6/Data+view+cancel+button /refguide6/data-view-cancel-button;
/refguide6/Data+view+close+button /refguide6/data-view-close-button;
/refguide6/Data+view+control+bar /refguide6/data-view-control-bar;
/refguide6/Data+View+Document+Template /refguide6/data-view-document-template;
/refguide6/Data+view+save+button /refguide6/data-view-save-button;
/refguide6/Data+Widgets /refguide6/data-widgets;
/refguide6/Database+Source /refguide6/database-source;
/refguide6/Date+and+Time+Handling+in+3.0 /refguide6/date-and-time-handling-in-3.0;
/refguide6/Date+creation /refguide6/date-creation;
/refguide6/Date+picker /refguide6/date-picker;
/refguide6/Date+Range+Field /refguide6/date-range-field;
/refguide6/Date+Range+Selector /refguide6/date-range-selector;
/refguide6/DateTime+handling+FAQ /refguide6/datetime-handling-faq;
~/refguide6/DB2 /refguide6/db2;
/refguide6/Delete+button /refguide6/delete-button;
/refguide6/Delete+Object(s) /refguide6/deleting-objects;
/refguide6/Deleting+Objects /refguide6/deleting-objects;
/refguide6/Demo+Users /refguide6/demo-users;
/refguide6/Deploy+To+The+Cloud+Dialog /refguide6/deploy-to-the-cloud-dialog;
~/refguide6/Deployment /refguide6/deployment;
/refguide6/Deselect+all+button /refguide6/deselect-all-button;
/refguide6/Desktop+profile /refguide6/desktop-profile;
/refguide6/Developing+Hybrid+Mobile+Apps /refguide6/developing-hybrid-mobile-apps;
~/refguide6/Dialogs /refguide6/dialogs;
/refguide6/Document+Generation+Activities /refguide6/document-generation-activities;
/refguide6/Document+Template /refguide6/document-template;
/refguide6/Document+Templates /refguide6/document-templates;
/refguide6/Domain+Model /refguide6/domain-model;
/refguide6/Download+File /refguide6/download-file;
/refguide6/Download+From+Team+Server+Dialog /refguide6/download-from-team-server-dialog;
~/refguide6/Drop-down /refguide6/drop_down;
/refguide6/Drop+Down+Widget /refguide6/drop_down;
"/refguide6/Drop+Down Widget" /refguide6/drop_down;
/refguide6/Drop+Down /refguide6/drop-down;
/refguide6/Drop+down+button /refguide6/drop-down-button;
/refguide6/Drop+Down+Search+Field /refguide6/drop-down-search-field;
/refguide6/Dynamic+Image+Document+Template /refguide6/dynamic-image-document-template;
/refguide6/Dynamic+Label+Document+Template /refguide6/dynamic-label-document-template;
/refguide6/Edit+button /refguide6/edit-button;
/refguide6/Edit+Cloud+Foundry+Settings+Dialog /refguide6/edit-cloud-foundry-settings-dialog;
/refguide6/End+Event /refguide6/end-event;
~/refguide6/Entities /refguide6/entities;
/refguide6/Entity+Path+Source /refguide6/entity-path-source;
/refguide6/Enumeration+Values /refguide6/enumeration-values;
~/refguide6/Enumerations /refguide6/enumerations;
/refguide6/Enumerations+in+microflow+expressions /refguide6/enumerations-in-microflow-expressions;
/refguide6/Error+Event /refguide6/error-event;
/refguide6/Event+Handlers /refguide6/event-handlers;
/refguide6/Exclusive+Split /refguide6/exclusive-split;
/refguide6/Export+Mapping+Action /refguide6/export-mapping-action;
/refguide6/Export+Mappings /refguide6/export-mappings;
/refguide6/Export+to+CSV+button /refguide6/export-to-csv-button;
/refguide6/Export+to+excel+button /refguide6/export-to-excel-button;
/refguide6/Export+XML /refguide6/export-xml;
/refguide6/File+manager /refguide6/file-manager;
/refguide6/File+Widgets /refguide6/file-widgets;
/refguide6/Footer+Document+Template /refguide6/footer-document-template;
/refguide6/Garbage+collection /refguide6/garbage-collection;
~/refguide6/General /refguide6/general;
/refguide6/Generate+Document /refguide6/generate-document;
/refguide6/Getting+the+Mendix+Developer+App /refguide6/getting-the-mendix-developer-app;
/refguide6/Grid+action+button /refguide6/grid-action-button;
/refguide6/Grid+microflow+button /refguide6/grid-microflow-button;
/refguide6/Grid+New+Button /refguide6/grid-new-button;
/refguide6/Group+box /refguide6/group-box;
~/refguide6/Section /refguide6/group-box;
~/refguide6/Header /refguide6/header;
/refguide6/Header+Document+Template /refguide6/header-document-template;
/refguide6/History+Dialog /refguide6/history-dialog;
/refguide6/Horizontal+Split+Pane /refguide6/horizontal-split-pane;
/refguide6/If+expressions /refguide6/if-expressions;
~/refguide6/Image /refguide6/image;
/refguide6/Image+uploader /refguide6/image-uploader;
/refguide6/Image+viewer /refguide6/image-viewer;
/refguide6/Images+refguide /refguide6/images-refguide;
/refguide6/Import+Mapping+Action /refguide6/import-mapping-action;
/refguide6/Import+Mappings /refguide6/import-mappings;
/refguide6/Import+XML /refguide6/import-xml;
~/refguide6/es /refguide6/es;
/refguide6/Inheritance+Split /refguide6/inheritance-split;
/refguide6/Input+reference+set+selector /refguide6/input-reference-set-selector;
/refguide6/Input+Widgets /refguide6/input-widgets;
~/refguide6/Integration /refguide6/integration;
/refguide6/Integration+Activities /refguide6/integration-activities;
/refguide6/ISession+API+Usage /refguide6/isession-api-usage;
/refguide6/Java+Action+Call /refguide6/java-action-call;
/refguide6/Java+Actions /refguide6/java-actions;
/refguide6/Java+Memory+Usage+With+Mendix /refguide6/java-memory-usage-with-mendix;
/refguide6/Java+Programming /refguide6/java-programming;
/refguide6/JSON+Structures /refguide6/json-structures;
/refguide6/Keep+alive+mechanism+for+Persistent+Sessions /refguide6/keep-alive-mechanism-for-persistent-sessions;
~/refguide6/Label /refguide6/label;
~/refguide6/Layout /refguide6/layout;
~/refguide6/Layouts /refguide6/layout;
/refguide6/Layout+grid /refguide6/layout-grid;
/refguide6/Layout+Widgets /refguide6/layout-widgets;
/refguide6/Line+Break+Document+Template /refguide6/line-break-document-template;
/refguide6/Link+button /refguide6/link-button;
/refguide6/List+Activities /refguide6/list-activities;
/refguide6/List+Operation /refguide6/list-operation;
/refguide6/List+view /refguide6/list-view;
/refguide6/Listen+To+Grid+Source /refguide6/listen-to-grid-source;
/refguide6/Log+Message /refguide6/log-message;
~/refguide6/Logging /refguide6/logging;
/refguide6/Logging+Activities /refguide6/logging-activities;
~/refguide6/Loop /refguide6/loop;
/refguide6/Managing+App+Signing+Keys /refguide6/managing-app-signing-keys;
/refguide6/Map+Automatically /refguide6/map-automatically;
/refguide6/Mapping+Documents /refguide6/mapping-documents;
/refguide6/Mathematical+function+calls /refguide6/mathematical-function-calls;
~/refguide6/Menu /refguide6/menu;
/refguide6/Menu+Bar /refguide6/menu-bar;
/refguide6/Menu+Item /refguide6/menu-item;
/refguide6/Menu+Widgets /refguide6/menu-widgets;
~/refguide6/Merge /refguide6/merge;
/refguide6/Merge+Dialog /refguide6/merge-dialog;
~/refguide6/Microflow /refguide6/microflow;
/refguide6/Microflow+Activities /refguide6/microflow-activities;
/refguide6/Microflow+Call /refguide6/microflow-call;
/refguide6/Microflow+Element+Common+Properties /refguide6/microflow-element-common-properties;
/refguide6/Microflow+Expressions /refguide6/microflow-expressions;
/refguide6/Microflow+Source /refguide6/microflow-source;
~/refguide6/Microflows /refguide6/microflows;
/refguide6/Microsoft+SQL+Server+maintenance /refguide6/microsoft-sql-server-maintenance;
~/refguide6/Mobile /refguide6/mobile;
/refguide6/Model+Share /refguide6/model-share;
~/refguide6/Modeler /refguide6/modeler;
/refguide6/Module+Role /refguide6/module-role;
/refguide6/Module+Security /refguide6/module-security;
/refguide6/Module+Status /refguide6/module-status;
~/refguide6/Modules /refguide6/modules;
/refguide6/Monitoring+-+Mendix+Runtime /refguide6/monitoring-mendix-runtime;
/refguide6/Monitoring+-+Mendix+Business+Server /refguide6/monitoring-mendix-runtime;
/refguide6/Monitoring+-+What+to+monitor /refguide6/monitoring-what-to-monitor;
/refguide6/Moving+from+5+to+6 /refguide6/moving-from-5-to-6;
~/refguide6/MxBuild /refguide6/mxbuild;
~/refguide6/MySQL /refguide6/mysql;
~/refguide6/Navigation /refguide6/navigation;
/refguide6/Navigation+list /refguide6/navigation-list;
/refguide6/Navigation+Tree /refguide6/navigation-tree;
/refguide6/New+button /refguide6/new-button;
/refguide6/NULL+Ordering+Behavior /refguide6/null-ordering-behavior;
/refguide6/Numeric+formatting /refguide6/numeric-formatting;
/refguide6/Object+Activities /refguide6/object-activities;
/refguide6/OData+Query+Options /refguide6/odata-query-options;
/refguide6/OData+Representation /refguide6/odata-representation;
~/refguide6/Offline /refguide6/offline;
/refguide6/Offline+device+profile /refguide6/offline-device-profile;
/refguide6/On+Click+Event /refguide6/on-click-event;
/refguide6/Open+Project+Dialog /refguide6/open-project-dialog;
/refguide6/Opening+Pages /refguide6/opening-pages;
~/refguide6/Operations /refguide6/operations;
~/refguide6/OQL /refguide6/oql;
/refguide6/OQL+Aggregation /refguide6/oql-aggregation;
/refguide6/OQL+Case+Expression /refguide6/oql-case-expression;
/refguide6/OQL+CAST /refguide6/oql-cast;
/refguide6/OQL+COALESCE /refguide6/oql-coalesce;
/refguide6/OQL+DATEDIFF /refguide6/oql-datediff;
/refguide6/OQL+DATEPART /refguide6/oql-datepart;
/refguide6/OQL+Expressions /refguide6/oql-expressions;
/refguide6/OQL+From+Clause /refguide6/oql-from-clause;
/refguide6/OQL+FULL+OUTER+JOIN /refguide6/oql-full-outer-join;
/refguide6/OQL+Functions /refguide6/oql-functions;
/refguide6/OQL+Group+by+Clause /refguide6/oql-group-by-clause;
/refguide6/OQL+INNER+JOIN /refguide6/oql-inner-join;
/refguide6/OQL+LEFT+OUTER+JOIN /refguide6/oql-left-outer-join;
/refguide6/OQL+LENGTH /refguide6/oql-length;
/refguide6/OQL+Limit+Clause /refguide6/oql-limit-clause;
/refguide6/OQL+Operators /refguide6/oql-operators;
/refguide6/OQL+Order+by+Clause /refguide6/oql-order-by-clause;
/refguide6/OQL+Parameters /refguide6/oql-parameters;
/refguide6/OQL+RANGEBEGIN /refguide6/oql-rangebegin;
/refguide6/OQL+RANGEEND /refguide6/oql-rangeend;
/refguide6/OQL+RIGHT+OUTER+JOIN /refguide6/oql-right-outer-join;
/refguide6/OQL+ROUND /refguide6/oql-round;
/refguide6/OQL+Select+Clause /refguide6/oql-select-clause;
/refguide6/OQL+Where+Clause /refguide6/oql-where-clause;
~/refguide6/Oracle /refguide6/oracle;
/refguide6/Packaging+Hybrid+Mobile+Apps /refguide6/packaging-hybrid-mobile-apps;
~/refguide6/Page /refguide6/page;
/refguide6/Page+Break+Document+Template /refguide6/page-break-document-template;
/refguide6/Page+Concepts /refguide6/page-concepts;
/refguide6/Page+Templates /refguide6/page-templates;
/refguide6/Page+title /refguide6/page-title;
~/refguide6/Pages /refguide6/pages;
~/refguide6/Parameter /refguide6/parameter;
~/refguide6/parse-and-format-date-function-calls /refguide6/parse-and-format-date-function-calls;
/refguide6/Parse+and+format+decimal+function+calls /refguide6/parse-and-format-decimal-function-calls;
/refguide6/Parse+and+format+float+function+calls /refguide6/parse-and-format-float-function-calls;
/refguide6/Parse+integer /refguide6/parse-integer;
/refguide6/Password+Policy /refguide6/password-policy;
~/refguide6/Persistability /refguide6/persistability;
/refguide6/Phone+profile /refguide6/phone-profile;
~/refguide6/Placeholder /refguide6/placeholder;
/refguide6/Preferences+Dialog /refguide6/preferences-dialog;
/refguide6/Proactive+Maintenance /refguide6/proactive-maintenance;
~/refguide6/Project /refguide6/project;
/refguide6/Project+Security /refguide6/project-security;
/refguide6/Project+Settings /refguide6/project-settings;
/refguide6/Publish+Packages+To+Mobile+Stores /refguide6/publish-packages-to-mobile-stores;
/refguide6/Published+App+Service /refguide6/published-app-service;
/refguide6/Published+App+Services /refguide6/published-app-services;
/refguide6/Published+OData+resource /refguide6/published-odata-resource;
/refguide6/Published+OData+Services /refguide6/published-odata-services;
/refguide6/Published+web+service /refguide6/published-web-service;
/refguide6/Published+Web+Services /refguide6/published-web-services;
/refguide6/Radio+buttons /refguide6/radio-buttons;
/refguide6/Range+Search+Field /refguide6/range-search-field;
/refguide6/Reference+selector /refguide6/reference-selector;
/refguide6/Reference+set+selector /refguide6/reference-set-selector;
/refguide6/Regular+Expressions /refguide6/regular-expressions;
/refguide6/Relational+expressions /refguide6/relational-expressions;
/refguide6/Remove+button /refguide6/remove-button;
/refguide6/Removed+APIs /refguide6/removed-apis;
/refguide6/Report+Button /refguide6/report-button;
/refguide6/Report+Chart /refguide6/report-chart;
/refguide6/Report+Date+Parameter /refguide6/report-date-parameter;
/refguide6/Report+Grid /refguide6/report-grid;
/refguide6/Report+Pane /refguide6/report-pane;
/refguide6/Report+Parameter /refguide6/report-parameter;
/refguide6/Report+Widgets /refguide6/report-widgets;
~/refguide6/Reporting /refguide6/report-widgets;
~/refguide6/Retrieve /refguide6/retrieve;
/refguide6/Review+log+files+-+MS+IIS+Server /refguide6/review-log-files-ms-iis-server;
/refguide6/Review+log+files+-+MS+SQL+Server /refguide6/review-log-files-ms-sql-server;
/refguide6/Rollback+Object /refguide6/rollback-object;
/refguide6/Row+Document+Template /refguide6/row-document-template;
~/refguide6/Rules /refguide6/rules;
~/refguide6/Runtime /refguide6/runtime;
/refguide6/Save+button /refguide6/save-button;
/refguide6/Scheduled+Events /refguide6/scheduled-events;
/refguide6/Scroll+Container /refguide6/scroll-container;
/refguide6/Scroll+Container+Region /refguide6/scroll-container-region;
/refguide6/Search+Bar /refguide6/search-bar;
/refguide6/Search+button /refguide6/search-button;
~/refguide6/Security /refguide6/security;
/refguide6/Select++Elements /refguide6/select--elements;
/refguide6/Select+all+button /refguide6/select-all-button;
/refguide6/Select+app+service /refguide6/select-app-service;
/refguide6/Select+button /refguide6/select-button;
/refguide6/Sequence+Flow /refguide6/sequence-flow;
~/refguide6/Settings /refguide6/settings;
/refguide6/Show+Home+Page /refguide6/show-home-page;
/refguide6/Show+Message /refguide6/show-message;
/refguide6/Show+Page /refguide6/show-page;
/refguide6/Sidebar+toggle+button /refguide6/sidebar-toggle-button;
/refguide6/Sign+In+Dialog /refguide6/sign-in-dialog;
/refguide6/Sign+out+button /refguide6/sign-out-button;
/refguide6/Simple+Menu+Bar /refguide6/simple-menu-bar;
~/refguide6/Snippet /refguide6/snippet;
/refguide6/Snippet+Call /refguide6/snippet-call;
/refguide6/Sort+Bar /refguide6/sort-bar;
/refguide6/Special+checks /refguide6/special-checks;
/refguide6/Start+Event /refguide6/start-event;
/refguide6/Starting+Microflows /refguide6/starting-microflows;
/refguide6/Static+Image+Document+Template /refguide6/static-image-document-template;
/refguide6/Static+Label+Document+Template /refguide6/static-label-document-template;
/refguide6/String+function+calls /refguide6/string-function-calls;
~/refguide6/Style /refguide6/style;
~/refguide6/Summary /refguide6/summary;
/refguide6/Sync+button /refguide6/sync-button;
/refguide6/System+Requirements /refguide6/system-requirements;
/refguide6/System+Texts /refguide6/system-texts;
/refguide6/Tab+container /refguide6/tab-container;
/refguide6/Tab+page /refguide6/tab-page;
~/refguide6/Table /refguide6/table;
/refguide6/Table+cell /refguide6/table-cell;
/refguide6/Table+Document+Template /refguide6/table-document-template;
/refguide6/Table+row /refguide6/table-row;
/refguide6/Tablet+profile /refguide6/tablet-profile;
/refguide6/Team+Server /refguide6/team-server;
/refguide6/Team+Server+FAQ /refguide6/team-server-faq;
/refguide6/Template+grid /refguide6/template-grid;
/refguide6/Template+Grid+Document+Template /refguide6/template-grid-document-template;
~/refguide6/Text /refguide6/text;
/refguide6/Text+area /refguide6/text-area;
/refguide6/Text+box /refguide6/text-box;
/refguide6/Third+Party+Licenses /refguide6/third-party-licenses;
/refguide6/Title+Document+Template /refguide6/title-document-template;
/refguide6/To+float /refguide6/to-float;
/refguide6/To+string /refguide6/to-string;
/refguide6/Transient+Objects+Garbage+Collecting /refguide6/transient-objects-garbage-collecting;
/refguide6/Translatable+Texts /refguide6/translatable-texts;
/refguide6/Trim+to+date /refguide6/trim-to-date;
~/refguide6/Troubleshooting /refguide6/troubleshooting;
/refguide6/Two+Factor+Authentication /refguide6/two-factor-authentication;
/refguide6/Unary+expressions /refguide6/unary-expressions;
/refguide6/Upload+To+Team+Server+Dialog /refguide6/upload-to-team-server-dialog;
/refguide6/User+Roles /refguide6/user-roles;
/refguide6/Using+a+proxy+to+call+a+webservice /refguide6/using-a-proxy-to-call-a-webservice;
/refguide6/Using+Eclipse /refguide6/using-eclipse;
/refguide6/Validation+Feedback /refguide6/validation-feedback;
/refguide6/Validation+Rules /refguide6/validation-rules;
/refguide6/Variable+Activities /refguide6/variable-activities;
/refguide6/Version+Control /refguide6/version-control;
/refguide6/Version+Control+Concepts /refguide6/version-control-concepts;
/refguide6/Version+Control+Scenarios /refguide6/version-control-scenarios;
/refguide6/Vertical+Split+Pane /refguide6/vertical-split-pane;
/refguide6/XML+Inheritance+and+Choice /refguide6/xml-inheritance-and-choice;
/refguide6/XML+Reference+Guide /refguide6/xml-reference-guide;
/refguide6/XML+Schema+Support /refguide6/xml-schema-support;
/refguide6/XML+Schemas /refguide6/xml-schemas;
~/refguide6/XPath /refguide6/xpath;
/refguide6/XPath+avg /refguide6/xpath-avg;
/refguide6/XPath+Constraint+Functions /refguide6/xpath-constraint-functions;
/refguide6/XPath+Constraints /refguide6/xpath-constraints;
/refguide6/XPath+contains /refguide6/xpath-contains;
/refguide6/XPath+count /refguide6/xpath-count;
/refguide6/XPath+day+from+dateTime /refguide6/xpath-day-from-datetime;
/refguide6/XPath+day+of+year+from+dateTime /refguide6/xpath-day-of-year-from-datetime;
/refguide6/XPath+ends+with /refguide6/xpath-ends-with;
/refguide6/XPath+Expressions /refguide6/xpath-expressions;
/refguide6/XPath+false /refguide6/xpath-false;
/refguide6/XPath+hours+from+dateTime /refguide6/xpath-hours-from-datetime;
/refguide6/XPath+id /refguide6/xpath-id;
/refguide6/XPath+Keywords+and+System+Variables /refguide6/xpath-keywords-and-system-variables;
/refguide6/XPath+length /refguide6/xpath-length;
/refguide6/XPath+max /refguide6/xpath-max;
/refguide6/XPath+min /refguide6/xpath-min;
/refguide6/XPath+minutes+from+dateTime /refguide6/xpath-minutes-from-datetime;
/refguide6/XPath+month+from+dateTime /refguide6/xpath-month-from-datetime;
/refguide6/XPath+not /refguide6/xpath-not;
/refguide6/XPath+Operators /refguide6/xpath-operators;
/refguide6/XPath+quarter+from+dateTime /refguide6/xpath-quarter-from-datetime;
/refguide6/XPath+Query+Functions /refguide6/xpath-query-functions;
/refguide6/XPath+seconds+from+dateTime /refguide6/xpath-seconds-from-datetime;
/refguide6/XPath+Source /refguide6/xpath-source;
/refguide6/XPath+starts+with /refguide6/xpath-starts-with;
/refguide6/XPath+string+length /refguide6/xpath-string-length;
/refguide6/XPath+sum /refguide6/xpath-sum;
/refguide6/XPath+Tokens /refguide6/xpath-tokens;
/refguide6/XPath+true /refguide6/xpath-true;
/refguide6/XPath+week+from+dateTime /refguide6/xpath-week-from-datetime;
/refguide6/XPath+weekday+from+dateTime /refguide6/xpath-weekday-from-datetime;
/refguide6/XPath+year+from+dateTime /refguide6/xpath-year-from-datetime;

/tips/Finding+Object+Activities /tips/finding-object-activities;
/tips/Finding+Unused+Items /tips/finding-unused-items;
/tips/Finding+your+way+through+a+project /tips/finding-your-way-through-a-project;
/tips/Import+a+large+Excel+file /tips/import-a-large-excel-file;
/tips/Tips+and+Tricks /tips/;
/tips/Migrating+your+Mendix+database /tips/migrating-your-mendix-database;
/tips/Querying+over+self-references /tips/querying-over-self_references;
/tips/Showing+a+Project+in+the+Directory+in+Explorer /tips/showing-a-project-in-the-directory-in-explorer;
/tips/Translatable+Validation+Messages /tips/translatable-validation-messages;
